Component: ARM Compiler 5.06 update 2 (build 183) Tool: armlink [4d35b7]

==============================================================================

Section Cross References

    startup_stm32f030x6.o(RESET) refers to startup_stm32f030x6.o(STACK) for __initial_sp
    startup_stm32f030x6.o(RESET) refers to startup_stm32f030x6.o(.text) for Reset_Handler
    startup_stm32f030x6.o(RESET) refers to stm32f0xx_it.o(i.NMI_Handler) for NMI_Handler
    startup_stm32f030x6.o(RESET) refers to stm32f0xx_it.o(i.HardFault_Handler) for HardFault_Handler
    startup_stm32f030x6.o(RESET) refers to port.o(i.SVC_Handler) for SVC_Handler
    startup_stm32f030x6.o(RESET) refers to port.o(.emb_text) for PendSV_Handler
    startup_stm32f030x6.o(RESET) refers to stm32f0xx_it.o(i.SysTick_Handler) for SysTick_Handler
    startup_stm32f030x6.o(.text) refers to system_stm32f0xx.o(i.SystemInit) for SystemInit
    startup_stm32f030x6.o(.text) refers to entry.o(.ARM.Collect$$$$00000000) for __main
    main.o(i.MX_ADC_Init) refers to stm32f0xx_hal_adc.o(i.HAL_ADC_Init) for HAL_ADC_Init
    main.o(i.MX_ADC_Init) refers to stm32f0xx_hal_adc.o(i.HAL_ADC_ConfigChannel) for HAL_ADC_ConfigChannel
    main.o(i.MX_ADC_Init) refers to main.o(.bss) for .bss
    main.o(i.MX_I2C1_Init) refers to stm32f0xx_hal_i2c.o(i.HAL_I2C_Init) for HAL_I2C_Init
    main.o(i.MX_I2C1_Init) refers to stm32f0xx_hal_i2c_ex.o(i.HAL_I2CEx_ConfigAnalogFilter) for HAL_I2CEx_ConfigAnalogFilter
    main.o(i.MX_I2C1_Init) refers to stm32f0xx_hal_i2c_ex.o(i.HAL_I2CEx_ConfigDigitalFilter) for HAL_I2CEx_ConfigDigitalFilter
    main.o(i.MX_I2C1_Init) refers to main.o(.bss) for .bss
    main.o(i.StartDefaultTask) refers to cmsis_os.o(i.osDelay) for osDelay
    main.o(i.SystemClock_Config) refers to memseta.o(.text) for __aeabi_memclr4
    main.o(i.SystemClock_Config) refers to stm32f0xx_hal_rcc.o(i.HAL_RCC_OscConfig) for HAL_RCC_OscConfig
    main.o(i.SystemClock_Config) refers to stm32f0xx_hal_rcc.o(i.HAL_RCC_ClockConfig) for HAL_RCC_ClockConfig
    main.o(i.SystemClock_Config) refers to stm32f0xx_hal_rcc_ex.o(i.HAL_RCCEx_PeriphCLKConfig) for HAL_RCCEx_PeriphCLKConfig
    main.o(i.main) refers to stm32f0xx_hal.o(i.HAL_Init) for HAL_Init
    main.o(i.main) refers to main.o(i.SystemClock_Config) for SystemClock_Config
    main.o(i.main) refers to main.o(i.MX_ADC_Init) for MX_ADC_Init
    main.o(i.main) refers to main.o(i.MX_I2C1_Init) for MX_I2C1_Init
    main.o(i.main) refers to fatfs.o(i.MX_FATFS_Init) for MX_FATFS_Init
    main.o(i.main) refers to memcpya.o(.text) for __aeabi_memcpy4
    main.o(i.main) refers to cmsis_os.o(i.osThreadCreate) for osThreadCreate
    main.o(i.main) refers to cmsis_os.o(i.osKernelStart) for osKernelStart
    main.o(i.main) refers to main.o(.constdata) for .constdata
    main.o(i.main) refers to main.o(.data) for .data
    main.o(.constdata) refers to main.o(.conststring) for .conststring
    main.o(.constdata) refers to main.o(i.StartDefaultTask) for StartDefaultTask
    user_diskio.o(i.USER_initialize) refers to user_diskio.o(.data) for .data
    user_diskio.o(i.USER_status) refers to user_diskio.o(.data) for .data
    user_diskio.o(.data) refers to user_diskio.o(i.USER_initialize) for USER_initialize
    user_diskio.o(.data) refers to user_diskio.o(i.USER_status) for USER_status
    user_diskio.o(.data) refers to user_diskio.o(i.USER_read) for USER_read
    user_diskio.o(.data) refers to user_diskio.o(i.USER_write) for USER_write
    user_diskio.o(.data) refers to user_diskio.o(i.USER_ioctl) for USER_ioctl
    fatfs.o(i.MX_FATFS_Init) refers to ff_gen_drv.o(i.FATFS_LinkDriver) for FATFS_LinkDriver
    fatfs.o(i.MX_FATFS_Init) refers to fatfs.o(.data) for .data
    fatfs.o(i.MX_FATFS_Init) refers to user_diskio.o(.data) for USER_Driver
    freertos.o(i.vApplicationGetIdleTaskMemory) refers to freertos.o(.bss) for .bss
    stm32f0xx_it.o(i.SysTick_Handler) refers to stm32f0xx_hal.o(i.HAL_IncTick) for HAL_IncTick
    stm32f0xx_it.o(i.SysTick_Handler) refers to tasks.o(i.xTaskGetSchedulerState) for xTaskGetSchedulerState
    stm32f0xx_it.o(i.SysTick_Handler) refers to port.o(i.xPortSysTickHandler) for xPortSysTickHandler
    stm32f0xx_hal_msp.o(i.HAL_ADC_MspDeInit) refers to stm32f0xx_hal_gpio.o(i.HAL_GPIO_DeInit) for HAL_GPIO_DeInit
    stm32f0xx_hal_msp.o(i.HAL_ADC_MspInit) refers to memseta.o(.text) for __aeabi_memclr4
    stm32f0xx_hal_msp.o(i.HAL_ADC_MspInit) refers to stm32f0xx_hal_gpio.o(i.HAL_GPIO_Init) for HAL_GPIO_Init
    stm32f0xx_hal_msp.o(i.HAL_I2C_MspDeInit) refers to stm32f0xx_hal_gpio.o(i.HAL_GPIO_DeInit) for HAL_GPIO_DeInit
    stm32f0xx_hal_msp.o(i.HAL_I2C_MspInit) refers to memseta.o(.text) for __aeabi_memclr4
    stm32f0xx_hal_msp.o(i.HAL_I2C_MspInit) refers to stm32f0xx_hal_gpio.o(i.HAL_GPIO_Init) for HAL_GPIO_Init
    stm32f0xx_hal_msp.o(i.HAL_MspInit) refers to stm32f0xx_hal_cortex.o(i.HAL_NVIC_SetPriority) for HAL_NVIC_SetPriority
[...]
    cmsis_os.o(i.osThreadGetPriority) refers to cmsis_os.o(i.inHandlerMode) for inHandlerMode
    cmsis_os.o(i.osThreadGetPriority) refers to tasks.o(i.uxTaskPriorityGetFromISR) for uxTaskPriorityGetFromISR
    cmsis_os.o(i.osThreadGetPriority) refers to tasks.o(i.uxTaskPriorityGet) for uxTaskPriorityGet
    cmsis_os.o(i.osThreadGetPriority) refers to cmsis_os.o(i.makeCmsisPriority) for makeCmsisPriority
    cmsis_os.o(i.osThreadResume) refers to cmsis_os.o(i.inHandlerMode) for inHandlerMode
    cmsis_os.o(i.osThreadResume) refers to tasks.o(i.xTaskResumeFromISR) for xTaskResumeFromISR
    cmsis_os.o(i.osThreadResume) refers to tasks.o(i.vTaskResume) for vTaskResume
    cmsis_os.o(i.osThreadResumeAll) refers to tasks.o(i.xTaskResumeAll) for xTaskResumeAll
    cmsis_os.o(i.osThreadSetPriority) refers to cmsis_os.o(i.makeFreeRtosPriority) for makeFreeRtosPriority
    cmsis_os.o(i.osThreadSetPriority) refers to tasks.o(i.vTaskPrioritySet) for vTaskPrioritySet
    cmsis_os.o(i.osThreadSuspend) refers to tasks.o(i.vTaskSuspend) for vTaskSuspend
    cmsis_os.o(i.osThreadSuspendAll) refers to tasks.o(i.vTaskSuspendAll) for vTaskSuspendAll
    cmsis_os.o(i.osThreadTerminate) refers to tasks.o(i.vTaskDelete) for vTaskDelete
    cmsis_os.o(i.osThreadYield) refers to port.o(i.vPortYield) for vPortYield
    heap_4.o(i.prvHeapInit) refers to heap_4.o(.bss) for .bss
    heap_4.o(i.prvHeapInit) refers to heap_4.o(.data) for .data
    heap_4.o(i.prvInsertBlockIntoFreeList) refers to heap_4.o(.data) for .data
    heap_4.o(i.pvPortMalloc) refers to tasks.o(i.vTaskSuspendAll) for vTaskSuspendAll
    heap_4.o(i.pvPortMalloc) refers to heap_4.o(i.prvHeapInit) for prvHeapInit
    heap_4.o(i.pvPortMalloc) refers to heap_4.o(i.prvInsertBlockIntoFreeList) for prvInsertBlockIntoFreeList
    heap_4.o(i.pvPortMalloc) refers to tasks.o(i.xTaskResumeAll) for xTaskResumeAll
    heap_4.o(i.pvPortMalloc) refers to heap_4.o(.data) for .data
    heap_4.o(i.vPortFree) refers to tasks.o(i.vTaskSuspendAll) for vTaskSuspendAll
    heap_4.o(i.vPortFree) refers to heap_4.o(i.prvInsertBlockIntoFreeList) for prvInsertBlockIntoFreeList
    heap_4.o(i.vPortFree) refers to tasks.o(i.xTaskResumeAll) for xTaskResumeAll
    heap_4.o(i.vPortFree) refers to heap_4.o(.data) for .data
    heap_4.o(i.xPortGetFreeHeapSize) refers to heap_4.o(.data) for .data
    heap_4.o(i.xPortGetMinimumEverFreeHeapSize) refers to heap_4.o(.data) for .data
    port.o(.emb_text) refers to tasks.o(.data) for pxCurrentTCB
    port.o(.emb_text) refers to tasks.o(i.vTaskSwitchContext) for vTaskSwitchContext
    port.o(i.prvTaskExitError) refers to port.o(.data) for .data
    port.o(i.pxPortInitialiseStack) refers to port.o(i.prvTaskExitError) for prvTaskExitError
    port.o(i.vPortEndScheduler) refers to port.o(.data) for .data
    port.o(i.vPortEnterCritical) refers to port.o(.data) for .data
    port.o(i.vPortExitCritical) refers to port.o(.data) for .data
    port.o(i.xPortStartScheduler) refers to uidiv.o(.text) for __aeabi_uidivmod
    port.o(i.xPortStartScheduler) refers to port.o(.emb_text) for __asm___6_port_c_39a90d8d__prvPortStartFirstTask
    port.o(i.xPortStartScheduler) refers to system_stm32f0xx.o(.data) for SystemCoreClock
    port.o(i.xPortStartScheduler) refers to port.o(.data) for .data
    port.o(i.xPortSysTickHandler) refers to port.o(.emb_text) for ulSetInterruptMaskFromISR
    port.o(i.xPortSysTickHandler) refers to tasks.o(i.xTaskIncrementTick) for xTaskIncrementTick
    entry.o(.ARM.Collect$$$$00000000) refers (Special) to entry10a.o(.ARM.Collect$$$$0000000D) for __rt_final_cpp
    entry.o(.ARM.Collect$$$$00000000) refers (Special) to entry11a.o(.ARM.Collect$$$$0000000F) for __rt_final_exit
    entry.o(.ARM.Collect$$$$00000000) refers (Special) to entry7b.o(.ARM.Collect$$$$00000008) for _main_clock
    entry.o(.ARM.Collect$$$$00000000) refers (Special) to entry8b.o(.ARM.Collect$$$$0000000A) for _main_cpp_init
    entry.o(.ARM.Collect$$$$00000000) refers (Special) to entry9a.o(.ARM.Collect$$$$0000000B) for _main_init
    entry.o(.ARM.Collect$$$$00000000) refers (Special) to entry5.o(.ARM.Collect$$$$00000004) for _main_scatterload
    entry.o(.ARM.Collect$$$$00000000) refers (Special) to entry2.o(.ARM.Collect$$$$00000001) for _main_stk
    uldiv.o(.text) refers to llushr.o(.text) for __aeabi_llsr
    uldiv.o(.text) refers to llshl.o(.text) for __aeabi_llsl
    entry2.o(.ARM.Collect$$$$00000001) refers to entry2.o(.ARM.Collect$$$$00002712) for __lit__00000000
    entry2.o(.ARM.Collect$$$$00002712) refers to startup_stm32f030x6.o(STACK) for __initial_sp
    entry2.o(__vectab_stack_and_reset_area) refers to startup_stm32f030x6.o(STACK) for __initial_sp
    entry2.o(__vectab_stack_and_reset_area) refers to entry.o(.ARM.Collect$$$$00000000) for __main
    entry5.o(.ARM.Collect$$$$00000004) refers to init.o(.text) for __scatterload
    entry9a.o(.ARM.Collect$$$$0000000B) refers to main.o(i.main) for main
    entry9b.o(.ARM.Collect$$$$0000000C) refers to main.o(i.main) for main
    init.o(.text) refers to entry5.o(.ARM.Collect$$$$00000004) for __main_after_scatterload


==============================================================================

Removing Unused input sections from the image.

    Removing startup_stm32f030x6.o(HEAP), (512 bytes).
    Removing main.o(.rev16_text), (4 bytes).
    Removing main.o(.revsh_text), (4 bytes).
    Removing main.o(i.Error_Handler), (2 bytes).
    Removing user_diskio.o(.rev16_text), (4 bytes).
    Removing user_diskio.o(.revsh_text), (4 bytes).
    Removing fatfs.o(.rev16_text), (4 bytes).
    Removing fatfs.o(.revsh_text), (4 bytes).
    Removing fatfs.o(i.get_fattime), (4 bytes).
    Removing fatfs.o(.bss), (564 bytes).
    Removing fatfs.o(.bss), (556 bytes).
    Removing freertos.o(.rev16_text), (4 bytes).
    Removing freertos.o(.revsh_text), (4 bytes).
    Removing stm32f0xx_it.o(.rev16_text), (4 bytes).
    Removing stm32f0xx_it.o(.revsh_text), (4 bytes).
    Removing stm32f0xx_hal_msp.o(.rev16_text), (4 bytes).
    Removing stm32f0xx_hal_msp.o(.revsh_text), (4 bytes).
    Removing stm32f0xx_hal_msp.o(i.HAL_ADC_MspDeInit), (40 bytes).
    Removing stm32f0xx_hal_msp.o(i.HAL_I2C_MspDeInit), (48 bytes).
    Removing stm32f0xx_hal_adc.o(.rev16_text), (4 bytes).
    Removing stm32f0xx_hal_adc.o(.revsh_text), (4 bytes).
    Removing stm32f0xx_hal_adc.o(i.ADC_ConversionStop), (82 bytes).
    Removing stm32f0xx_hal_adc.o(i.ADC_DMAConvCplt), (108 bytes).
    Removing stm32f0xx_hal_adc.o(i.ADC_DMAError), (26 bytes).
    Removing stm32f0xx_hal_adc.o(i.ADC_DMAHalfConvCplt), (10 bytes).
    Removing stm32f0xx_hal_adc.o(i.ADC_Disable), (102 bytes).
    Removing stm32f0xx_hal_adc.o(i.ADC_Enable), (132 bytes).
    Removing stm32f0xx_hal_adc.o(i.HAL_ADC_AnalogWDGConfig), (156 bytes).
    Removing stm32f0xx_hal_adc.o(i.HAL_ADC_ConvCpltCallback), (2 bytes).
    Removing stm32f0xx_hal_adc.o(i.HAL_ADC_ConvHalfCpltCallback), (2 bytes).
    Removing stm32f0xx_hal_adc.o(i.HAL_ADC_DeInit), (160 bytes).
    Removing stm32f0xx_hal_adc.o(i.HAL_ADC_ErrorCallback), (2 bytes).
    Removing stm32f0xx_hal_adc.o(i.HAL_ADC_GetError), (4 bytes).
    Removing stm32f0xx_hal_adc.o(i.HAL_ADC_GetState), (4 bytes).
    Removing stm32f0xx_hal_adc.o(i.HAL_ADC_GetValue), (6 bytes).
    Removing stm32f0xx_hal_adc.o(i.HAL_ADC_IRQHandler), (208 bytes).
    Removing stm32f0xx_hal_adc.o(i.HAL_ADC_LevelOutOfWindowCallback), (2 bytes).
    Removing stm32f0xx_hal_adc.o(i.HAL_ADC_MspDeInit), (2 bytes).
    Removing stm32f0xx_hal_adc.o(i.HAL_ADC_MspInit), (2 bytes).
    Removing stm32f0xx_hal_adc.o(i.HAL_ADC_PollForConversion), (190 bytes).
    Removing stm32f0xx_hal_adc.o(i.HAL_ADC_PollForEvent), (116 bytes).
    Removing stm32f0xx_hal_adc.o(i.HAL_ADC_Start), (92 bytes).
    Removing stm32f0xx_hal_adc.o(i.HAL_ADC_Start_DMA), (160 bytes).
    Removing stm32f0xx_hal_adc.o(i.HAL_ADC_Start_IT), (124 bytes).
    Removing stm32f0xx_hal_adc.o(i.HAL_ADC_Stop), (62 bytes).
    Removing stm32f0xx_hal_adc.o(i.HAL_ADC_Stop_DMA), (112 bytes).
    Removing stm32f0xx_hal_adc.o(i.HAL_ADC_Stop_IT), (72 bytes).
    Removing stm32f0xx_hal_adc_ex.o(.rev16_text), (4 bytes).
    Removing stm32f0xx_hal_adc_ex.o(.revsh_text), (4 bytes).
    Removing stm32f0xx_hal_adc_ex.o(i.HAL_ADCEx_Calibration_Start), (176 bytes).
    Removing stm32f0xx_hal_rcc.o(.rev16_text), (4 bytes).
    Removing stm32f0xx_hal_rcc.o(.revsh_text), (4 bytes).
    Removing stm32f0xx_hal_rcc.o(i.HAL_RCC_CSSCallback), (2 bytes).
    Removing stm32f0xx_hal_rcc.o(i.HAL_RCC_DeInit), (188 bytes).
    Removing stm32f0xx_hal_rcc.o(i.HAL_RCC_DisableCSS), (20 bytes).
    Removing stm32f0xx_hal_rcc.o(i.HAL_RCC_EnableCSS), (20 bytes).
    Removing stm32f0xx_hal_rcc.o(i.HAL_RCC_GetClockConfig), (56 bytes).
    Removing stm32f0xx_hal_rcc.o(i.HAL_RCC_GetHCLKFreq), (12 bytes).
    Removing stm32f0xx_hal_rcc.o(i.HAL_RCC_GetOscConfig), (156 bytes).
    Removing stm32f0xx_hal_rcc.o(i.HAL_RCC_GetPCLK1Freq), (32 bytes).
    Removing stm32f0xx_hal_rcc.o(i.HAL_RCC_MCOConfig), (80 bytes).
    Removing stm32f0xx_hal_rcc.o(i.HAL_RCC_NMI_IRQHandler), (24 bytes).
    Removing stm32f0xx_hal_rcc_ex.o(.rev16_text), (4 bytes).
    Removing stm32f0xx_hal_rcc_ex.o(.revsh_text), (4 bytes).
    Removing stm32f0xx_hal_rcc_ex.o(i.HAL_RCCEx_GetPeriphCLKConfig), (44 bytes).
    Removing stm32f0xx_hal_rcc_ex.o(i.HAL_RCCEx_GetPeriphCLKFreq), (156 bytes).
    Removing stm32f0xx_hal.o(.rev16_text), (4 bytes).
    Removing stm32f0xx_hal.o(.revsh_text), (4 bytes).
    Removing stm32f0xx_hal.o(i.HAL_DBGMCU_DisableDBGStandbyMode), (16 bytes).
    Removing stm32f0xx_hal.o(i.HAL_DBGMCU_DisableDBGStopMode), (16 bytes).
    Removing stm32f0xx_hal.o(i.HAL_DBGMCU_EnableDBGStandbyMode), (16 bytes).
    Removing stm32f0xx_hal.o(i.HAL_DBGMCU_EnableDBGStopMode), (16 bytes).
    Removing stm32f0xx_hal.o(i.HAL_DeInit), (36 bytes).
    Removing stm32f0xx_hal.o(i.HAL_Delay), (36 bytes).
    Removing stm32f0xx_hal.o(i.HAL_GetDEVID), (16 bytes).
    Removing stm32f0xx_hal.o(i.HAL_GetHalVersion), (8 bytes).
    Removing stm32f0xx_hal.o(i.HAL_GetREVID), (12 bytes).
    Removing stm32f0xx_hal.o(i.HAL_GetTickFreq), (12 bytes).
    Removing stm32f0xx_hal.o(i.HAL_GetTickPrio), (12 bytes).
    Removing stm32f0xx_hal.o(i.HAL_GetUIDw0), (12 bytes).
    Removing stm32f0xx_hal.o(i.HAL_GetUIDw1), (12 bytes).
    Removing stm32f0xx_hal.o(i.HAL_GetUIDw2), (12 bytes).
    Removing stm32f0xx_hal.o(i.HAL_MspDeInit), (2 bytes).
    Removing stm32f0xx_hal.o(i.HAL_MspInit), (2 bytes).
    Removing stm32f0xx_hal.o(i.HAL_ResumeTick), (16 bytes).
    Removing stm32f0xx_hal.o(i.HAL_SetTickFreq), (36 bytes).
    Removing stm32f0xx_hal.o(i.HAL_SuspendTick), (16 bytes).
    Removing stm32f0xx_hal_i2c.o(.rev16_text), (4 bytes).
    Removing stm32f0xx_hal_i2c.o(.revsh_text), (4 bytes).
    Removing stm32f0xx_hal_i2c.o(i.HAL_I2C_AbortCpltCallback), (2 bytes).
    Removing stm32f0xx_hal_i2c.o(i.HAL_I2C_AddrCallback), (2 bytes).
    Removing stm32f0xx_hal_i2c.o(i.HAL_I2C_DeInit), (52 bytes).
    Removing stm32f0xx_hal_i2c.o(i.HAL_I2C_DisableListen_IT), (48 bytes).
    Removing stm32f0xx_hal_i2c.o(i.HAL_I2C_ER_IRQHandler), (94 bytes).
    Removing stm32f0xx_hal_i2c.o(i.HAL_I2C_EV_IRQHandler), (16 bytes).
    Removing stm32f0xx_hal_i2c.o(i.HAL_I2C_EnableListen_IT), (40 bytes).
    Removing stm32f0xx_hal_i2c.o(i.HAL_I2C_ErrorCallback), (2 bytes).
    Removing stm32f0xx_hal_i2c.o(i.HAL_I2C_GetError), (4 bytes).
    Removing stm32f0xx_hal_i2c.o(i.HAL_I2C_GetMode), (6 bytes).
    Removing stm32f0xx_hal_i2c.o(i.HAL_I2C_GetState), (6 bytes).
    Removing stm32f0xx_hal_i2c.o(i.HAL_I2C_IsDeviceReady), (288 bytes).
    Removing stm32f0xx_hal_i2c.o(i.HAL_I2C_ListenCpltCallback), (2 bytes).
    Removing stm32f0xx_hal_i2c.o(i.HAL_I2C_MasterRxCpltCallback), (2 bytes).
    Removing stm32f0xx_hal_i2c.o(i.HAL_I2C_MasterTxCpltCallback), (2 bytes).
    Removing stm32f0xx_hal_i2c.o(i.HAL_I2C_Master_Abort_IT), (92 bytes).
    Removing stm32f0xx_hal_i2c.o(i.HAL_I2C_Master_Receive), (272 bytes).
    Removing stm32f0xx_hal_i2c.o(i.HAL_I2C_Master_Receive_DMA), (280 bytes).
    Removing stm32f0xx_hal_i2c.o(i.HAL_I2C_Master_Receive_IT), (128 bytes).
    Removing stm32f0xx_hal_i2c.o(i.HAL_I2C_Master_Seq_Receive_DMA), (316 bytes).
    Removing stm32f0xx_hal_i2c.o(i.HAL_I2C_Master_Seq_Receive_IT), (156 bytes).
    Removing stm32f0xx_hal_i2c.o(i.HAL_I2C_Master_Seq_Transmit_DMA), (312 bytes).
    Removing stm32f0xx_hal_i2c.o(i.HAL_I2C_Master_Seq_Transmit_IT), (156 bytes).
    Removing stm32f0xx_hal_i2c.o(i.HAL_I2C_Master_Transmit), (272 bytes).
    Removing stm32f0xx_hal_i2c.o(i.HAL_I2C_Master_Transmit_DMA), (284 bytes).
    Removing stm32f0xx_hal_i2c.o(i.HAL_I2C_Master_Transmit_IT), (128 bytes).
    Removing stm32f0xx_hal_i2c.o(i.HAL_I2C_MemRxCpltCallback), (2 bytes).
    Removing stm32f0xx_hal_i2c.o(i.HAL_I2C_MemTxCpltCallback), (2 bytes).
    Removing stm32f0xx_hal_i2c.o(i.HAL_I2C_Mem_Read), (340 bytes).
    Removing stm32f0xx_hal_i2c.o(i.HAL_I2C_Mem_Read_DMA), (288 bytes).
    Removing stm32f0xx_hal_i2c.o(i.HAL_I2C_Mem_Read_IT), (188 bytes).
    Removing stm32f0xx_hal_i2c.o(i.HAL_I2C_Mem_Write), (332 bytes).
    Removing stm32f0xx_hal_i2c.o(i.HAL_I2C_Mem_Write_DMA), (280 bytes).
    Removing stm32f0xx_hal_i2c.o(i.HAL_I2C_Mem_Write_IT), (180 bytes).
    Removing stm32f0xx_hal_i2c.o(i.HAL_I2C_MspDeInit), (2 bytes).
    Removing stm32f0xx_hal_i2c.o(i.HAL_I2C_MspInit), (2 bytes).
    Removing stm32f0xx_hal_i2c.o(i.HAL_I2C_SlaveRxCpltCallback), (2 bytes).
    Removing stm32f0xx_hal_i2c.o(i.HAL_I2C_SlaveTxCpltCallback), (2 bytes).
    Removing stm32f0xx_hal_i2c.o(i.HAL_I2C_Slave_Receive), (276 bytes).
    Removing stm32f0xx_hal_i2c.o(i.HAL_I2C_Slave_Receive_DMA), (200 bytes).
    Removing stm32f0xx_hal_i2c.o(i.HAL_I2C_Slave_Receive_IT), (88 bytes).
    Removing stm32f0xx_hal_i2c.o(i.HAL_I2C_Slave_Seq_Receive_DMA), (360 bytes).
    Removing stm32f0xx_hal_i2c.o(i.HAL_I2C_Slave_Seq_Receive_IT), (200 bytes).
    Removing stm32f0xx_hal_i2c.o(i.HAL_I2C_Slave_Seq_Transmit_DMA), (364 bytes).
    Removing stm32f0xx_hal_i2c.o(i.HAL_I2C_Slave_Seq_Transmit_IT), (204 bytes).
    Removing stm32f0xx_hal_i2c.o(i.HAL_I2C_Slave_Transmit), (294 bytes).
    Removing stm32f0xx_hal_i2c.o(i.HAL_I2C_Slave_Transmit_DMA), (196 bytes).
    Removing stm32f0xx_hal_i2c.o(i.HAL_I2C_Slave_Transmit_IT), (88 bytes).
    Removing stm32f0xx_hal_i2c.o(i.I2C_ConvertOtherXferOptions), (28 bytes).
    Removing stm32f0xx_hal_i2c.o(i.I2C_DMAAbort), (40 bytes).
    Removing stm32f0xx_hal_i2c.o(i.I2C_DMAError), (24 bytes).
    Removing stm32f0xx_hal_i2c.o(i.I2C_DMAMasterReceiveCplt), (80 bytes).
    Removing stm32f0xx_hal_i2c.o(i.I2C_DMAMasterTransmitCplt), (80 bytes).
    Removing stm32f0xx_hal_i2c.o(i.I2C_DMASlaveReceiveCplt), (42 bytes).
    Removing stm32f0xx_hal_i2c.o(i.I2C_DMASlaveTransmitCplt), (36 bytes).
    Removing stm32f0xx_hal_i2c.o(i.I2C_Disable_IRQ), (84 bytes).
    Removing stm32f0xx_hal_i2c.o(i.I2C_Enable_IRQ), (100 bytes).
    Removing stm32f0xx_hal_i2c.o(i.I2C_Flush_TXDR), (34 bytes).
    Removing stm32f0xx_hal_i2c.o(i.I2C_ITAddrCplt), (122 bytes).
    Removing stm32f0xx_hal_i2c.o(i.I2C_ITError), (208 bytes).
    Removing stm32f0xx_hal_i2c.o(i.I2C_ITListenCplt), (100 bytes).
    Removing stm32f0xx_hal_i2c.o(i.I2C_ITMasterCplt), (164 bytes).
    Removing stm32f0xx_hal_i2c.o(i.I2C_ITMasterSeqCplt), (70 bytes).
    Removing stm32f0xx_hal_i2c.o(i.I2C_ITSlaveCplt), (244 bytes).
    Removing stm32f0xx_hal_i2c.o(i.I2C_ITSlaveSeqCplt), (74 bytes).
    Removing stm32f0xx_hal_i2c.o(i.I2C_IsAcknowledgeFailed), (112 bytes).
    Removing stm32f0xx_hal_i2c.o(i.I2C_Master_ISR_DMA), (268 bytes).
    Removing stm32f0xx_hal_i2c.o(i.I2C_Master_ISR_IT), (304 bytes).
    Removing stm32f0xx_hal_i2c.o(i.I2C_RequestMemoryRead), (96 bytes).
    Removing stm32f0xx_hal_i2c.o(i.I2C_RequestMemoryWrite), (96 bytes).
    Removing stm32f0xx_hal_i2c.o(i.I2C_Slave_ISR_DMA), (246 bytes).
    Removing stm32f0xx_hal_i2c.o(i.I2C_Slave_ISR_IT), (304 bytes).
    Removing stm32f0xx_hal_i2c.o(i.I2C_TransferConfig), (40 bytes).
    Removing stm32f0xx_hal_i2c.o(i.I2C_WaitOnFlagUntilTimeout), (78 bytes).
    Removing stm32f0xx_hal_i2c.o(i.I2C_WaitOnRXNEFlagUntilTimeout), (128 bytes).
    Removing stm32f0xx_hal_i2c.o(i.I2C_WaitOnSTOPFlagUntilTimeout), (76 bytes).
    Removing stm32f0xx_hal_i2c.o(i.I2C_WaitOnTXISFlagUntilTimeout), (80 bytes).
    Removing stm32f0xx_hal_i2c_ex.o(.rev16_text), (4 bytes).
    Removing stm32f0xx_hal_i2c_ex.o(.revsh_text), (4 bytes).
    Removing stm32f0xx_hal_i2c_ex.o(i.HAL_I2CEx_DisableFastModePlus), (36 bytes).
    Removing stm32f0xx_hal_i2c_ex.o(i.HAL_I2CEx_EnableFastModePlus), (36 bytes).
    Removing stm32f0xx_hal_gpio.o(.rev16_text), (4 bytes).
    Removing stm32f0xx_hal_gpio.o(.revsh_text), (4 bytes).
    Removing stm32f0xx_hal_gpio.o(i.HAL_GPIO_DeInit), (212 bytes).
    Removing stm32f0xx_hal_gpio.o(i.HAL_GPIO_EXTI_Callback), (2 bytes).
    Removing stm32f0xx_hal_gpio.o(i.HAL_GPIO_EXTI_IRQHandler), (24 bytes).
    Removing stm32f0xx_hal_gpio.o(i.HAL_GPIO_LockPin), (36 bytes).
    Removing stm32f0xx_hal_gpio.o(i.HAL_GPIO_ReadPin), (10 bytes).
    Removing stm32f0xx_hal_gpio.o(i.HAL_GPIO_TogglePin), (12 bytes).
    Removing stm32f0xx_hal_gpio.o(i.HAL_GPIO_WritePin), (12 bytes).
    Removing stm32f0xx_hal_dma.o(.rev16_text), (4 bytes).
    Removing stm32f0xx_hal_dma.o(.revsh_text), (4 bytes).
    Removing stm32f0xx_hal_dma.o(i.DMA_CalcBaseAndBitshift), (36 bytes).
    Removing stm32f0xx_hal_dma.o(i.DMA_SetConfig), (40 bytes).
    Removing stm32f0xx_hal_dma.o(i.HAL_DMA_Abort), (64 bytes).
    Removing stm32f0xx_hal_dma.o(i.HAL_DMA_Abort_IT), (72 bytes).
    Removing stm32f0xx_hal_dma.o(i.HAL_DMA_DeInit), (74 bytes).
    Removing stm32f0xx_hal_dma.o(i.HAL_DMA_GetError), (4 bytes).
    Removing stm32f0xx_hal_dma.o(i.HAL_DMA_GetState), (6 bytes).
    Removing stm32f0xx_hal_dma.o(i.HAL_DMA_IRQHandler), (156 bytes).
    Removing stm32f0xx_hal_dma.o(i.HAL_DMA_Init), (84 bytes).
    Removing stm32f0xx_hal_dma.o(i.HAL_DMA_PollForTransfer), (176 bytes).
    Removing stm32f0xx_hal_dma.o(i.HAL_DMA_RegisterCallback), (72 bytes).
    Removing stm32f0xx_hal_dma.o(i.HAL_DMA_Start), (74 bytes).
    Removing stm32f0xx_hal_dma.o(i.HAL_DMA_Start_IT), (106 bytes).
    Removing stm32f0xx_hal_dma.o(i.HAL_DMA_UnRegisterCallback), (78 bytes).
    Removing stm32f0xx_hal_cortex.o(.rev16_text), (4 bytes).
    Removing stm32f0xx_hal_cortex.o(.revsh_text), (4 bytes).
    Removing stm32f0xx_hal_cortex.o(i.HAL_NVIC_ClearPendingIRQ), (24 bytes).
    Removing stm32f0xx_hal_cortex.o(i.HAL_NVIC_DisableIRQ), (32 bytes).
    Removing stm32f0xx_hal_cortex.o(i.HAL_NVIC_EnableIRQ), (24 bytes).
    Removing stm32f0xx_hal_cortex.o(i.HAL_NVIC_GetPendingIRQ), (32 bytes).
    Removing stm32f0xx_hal_cortex.o(i.HAL_NVIC_GetPriority), (52 bytes).
    Removing stm32f0xx_hal_cortex.o(i.HAL_NVIC_SetPendingIRQ), (24 bytes).
    Removing stm32f0xx_hal_cortex.o(i.HAL_NVIC_SystemReset), (28 bytes).
    Removing stm32f0xx_hal_cortex.o(i.HAL_SYSTICK_CLKSourceConfig), (24 bytes).
    Removing stm32f0xx_hal_cortex.o(i.HAL_SYSTICK_Callback), (2 bytes).
    Removing stm32f0xx_hal_cortex.o(i.HAL_SYSTICK_IRQHandler), (8 bytes).
    Removing stm32f0xx_hal_pwr.o(.rev16_text), (4 bytes).
    Removing stm32f0xx_hal_pwr.o(.revsh_text), (4 bytes).
    Removing stm32f0xx_hal_pwr.o(i.HAL_PWR_DeInit), (24 bytes).
    Removing stm32f0xx_hal_pwr.o(i.HAL_PWR_DisableBkUpAccess), (16 bytes).
    Removing stm32f0xx_hal_pwr.o(i.HAL_PWR_DisableSEVOnPend), (16 bytes).
    Removing stm32f0xx_hal_pwr.o(i.HAL_PWR_DisableSleepOnExit), (16 bytes).
    Removing stm32f0xx_hal_pwr.o(i.HAL_PWR_DisableWakeUpPin), (16 bytes).
    Removing stm32f0xx_hal_pwr.o(i.HAL_PWR_EnableBkUpAccess), (16 bytes).
    Removing stm32f0xx_hal_pwr.o(i.HAL_PWR_EnableSEVOnPend), (16 bytes).
    Removing stm32f0xx_hal_pwr.o(i.HAL_PWR_EnableSleepOnExit), (16 bytes).
    Removing stm32f0xx_hal_pwr.o(i.HAL_PWR_EnableWakeUpPin), (16 bytes).
    Removing stm32f0xx_hal_pwr.o(i.HAL_PWR_EnterSLEEPMode), (32 bytes).
    Removing stm32f0xx_hal_pwr.o(i.HAL_PWR_EnterSTANDBYMode), (32 bytes).
    Removing stm32f0xx_hal_pwr.o(i.HAL_PWR_EnterSTOPMode), (52 bytes).
    Removing stm32f0xx_hal_pwr_ex.o(.rev16_text), (4 bytes).
    Removing stm32f0xx_hal_pwr_ex.o(.revsh_text), (4 bytes).
    Removing stm32f0xx_hal_flash.o(.rev16_text), (4 bytes).
    Removing stm32f0xx_hal_flash.o(.revsh_text), (4 bytes).
    Removing stm32f0xx_hal_flash.o(i.FLASH_Program_HalfWord), (32 bytes).
    Removing stm32f0xx_hal_flash.o(i.FLASH_SetErrorCode), (56 bytes).
    Removing stm32f0xx_hal_flash.o(i.FLASH_WaitForLastOperation), (80 bytes).
    Removing stm32f0xx_hal_flash.o(i.HAL_FLASH_EndOfOperationCallback), (2 bytes).
    Removing stm32f0xx_hal_flash.o(i.HAL_FLASH_GetError), (12 bytes).
    Removing stm32f0xx_hal_flash.o(i.HAL_FLASH_IRQHandler), (268 bytes).
    Removing stm32f0xx_hal_flash.o(i.HAL_FLASH_Lock), (20 bytes).
    Removing stm32f0xx_hal_flash.o(i.HAL_FLASH_OB_Launch), (32 bytes).
    Removing stm32f0xx_hal_flash.o(i.HAL_FLASH_OB_Lock), (20 bytes).
    Removing stm32f0xx_hal_flash.o(i.HAL_FLASH_OB_Unlock), (36 bytes).
    Removing stm32f0xx_hal_flash.o(i.HAL_FLASH_OperationErrorCallback), (2 bytes).
    Removing stm32f0xx_hal_flash.o(i.HAL_FLASH_Program), (124 bytes).
    Removing stm32f0xx_hal_flash.o(i.HAL_FLASH_Program_IT), (100 bytes).
    Removing stm32f0xx_hal_flash.o(i.HAL_FLASH_Unlock), (40 bytes).
    Removing stm32f0xx_hal_flash.o(.bss), (32 bytes).
    Removing stm32f0xx_hal_flash_ex.o(.rev16_text), (4 bytes).
    Removing stm32f0xx_hal_flash_ex.o(.revsh_text), (4 bytes).
    Removing stm32f0xx_hal_flash_ex.o(i.FLASH_MassErase), (36 bytes).
    Removing stm32f0xx_hal_flash_ex.o(i.FLASH_OB_GetRDP), (32 bytes).
    Removing stm32f0xx_hal_flash_ex.o(i.FLASH_OB_RDP_LevelConfig), (96 bytes).
    Removing stm32f0xx_hal_flash_ex.o(i.FLASH_PageErase), (36 bytes).
    Removing stm32f0xx_hal_flash_ex.o(i.HAL_FLASHEx_Erase), (160 bytes).
    Removing stm32f0xx_hal_flash_ex.o(i.HAL_FLASHEx_Erase_IT), (88 bytes).
    Removing stm32f0xx_hal_flash_ex.o(i.HAL_FLASHEx_OBErase), (80 bytes).
    Removing stm32f0xx_hal_flash_ex.o(i.HAL_FLASHEx_OBGetConfig), (36 bytes).
    Removing stm32f0xx_hal_flash_ex.o(i.HAL_FLASHEx_OBGetUserData), (28 bytes).
    Removing stm32f0xx_hal_flash_ex.o(i.HAL_FLASHEx_OBProgram), (328 bytes).
    Removing stm32f0xx_hal_exti.o(.rev16_text), (4 bytes).
    Removing stm32f0xx_hal_exti.o(.revsh_text), (4 bytes).
    Removing stm32f0xx_hal_exti.o(i.HAL_EXTI_ClearConfigLine), (100 bytes).
    Removing stm32f0xx_hal_exti.o(i.HAL_EXTI_ClearPending), (20 bytes).
    Removing stm32f0xx_hal_exti.o(i.HAL_EXTI_GenerateSWI), (20 bytes).
    Removing stm32f0xx_hal_exti.o(i.HAL_EXTI_GetConfigLine), (148 bytes).
    Removing stm32f0xx_hal_exti.o(i.HAL_EXTI_GetHandle), (14 bytes).
    Removing stm32f0xx_hal_exti.o(i.HAL_EXTI_GetPending), (24 bytes).
    Removing stm32f0xx_hal_exti.o(i.HAL_EXTI_IRQHandler), (36 bytes).
    Removing stm32f0xx_hal_exti.o(i.HAL_EXTI_RegisterCallback), (16 bytes).
    Removing stm32f0xx_hal_exti.o(i.HAL_EXTI_SetConfigLine), (148 bytes).
    Removing stm32f0xx_hal_tim.o(.rev16_text), (4 bytes).
    Removing stm32f0xx_hal_tim.o(.revsh_text), (4 bytes).
    Removing stm32f0xx_hal_tim_ex.o(.rev16_text), (4 bytes).
    Removing stm32f0xx_hal_tim_ex.o(.revsh_text), (4 bytes).
    Removing system_stm32f0xx.o(.rev16_text), (4 bytes).
    Removing system_stm32f0xx.o(.revsh_text), (4 bytes).
    Removing system_stm32f0xx.o(i.SystemCoreClockUpdate), (108 bytes).
    Removing system_stm32f0xx.o(.constdata), (8 bytes).
    Removing diskio.o(.rev16_text), (4 bytes).
    Removing diskio.o(.revsh_text), (4 bytes).
    Removing diskio.o(i.disk_initialize), (44 bytes).
    Removing diskio.o(i.disk_ioctl), (28 bytes).
    Removing diskio.o(i.disk_read), (28 bytes).
    Removing diskio.o(i.disk_status), (24 bytes).
    Removing diskio.o(i.disk_write), (28 bytes).
    Removing diskio.o(i.get_fattime), (4 bytes).
    Removing ff.o(.rev16_text), (4 bytes).
    Removing ff.o(.revsh_text), (4 bytes).
    Removing ff.o(i.check_fs), (112 bytes).
    Removing ff.o(i.chk_lock), (108 bytes).
    Removing ff.o(i.clear_lock), (32 bytes).
    Removing ff.o(i.clmt_clust), (56 bytes).
    Removing ff.o(i.clust2sect), (30 bytes).
    Removing ff.o(i.create_chain), (180 bytes).
    Removing ff.o(i.create_name), (276 bytes).
    Removing ff.o(i.dec_lock), (60 bytes).
    Removing ff.o(i.dir_next), (268 bytes).
    Removing ff.o(i.dir_read), (104 bytes).
    Removing ff.o(i.dir_register), (124 bytes).
    Removing ff.o(i.dir_remove), (62 bytes).
    Removing ff.o(i.dir_sdi), (140 bytes).
    Removing ff.o(i.f_chmod), (100 bytes).
    Removing ff.o(i.f_close), (54 bytes).
    Removing ff.o(i.f_closedir), (50 bytes).
    Removing ff.o(i.f_getfree), (252 bytes).
    Removing ff.o(i.f_gets), (72 bytes).
    Removing ff.o(i.f_lseek), (644 bytes).
    Removing ff.o(i.f_mkdir), (374 bytes).
    Removing ff.o(i.f_mkfs), (1322 bytes).
    Removing ff.o(i.f_mount), (140 bytes).
    Removing ff.o(i.f_open), (440 bytes).
    Removing ff.o(i.f_opendir), (154 bytes).
    Removing ff.o(i.f_printf), (488 bytes).
    Removing ff.o(i.f_putc), (62 bytes).
    Removing ff.o(i.f_puts), (72 bytes).
    Removing ff.o(i.f_read), (444 bytes).
    Removing ff.o(i.f_readdir), (110 bytes).
    Removing ff.o(i.f_rename), (310 bytes).
    Removing ff.o(i.f_stat), (76 bytes).
    Removing ff.o(i.f_sync), (190 bytes).
    Removing ff.o(i.f_truncate), (212 bytes).
    Removing ff.o(i.f_unlink), (198 bytes).
    Removing ff.o(i.f_utime), (104 bytes).
    Removing ff.o(i.f_write), (498 bytes).
    Removing ff.o(i.find_volume), (684 bytes).
    Removing ff.o(i.follow_path), (198 bytes).
    Removing ff.o(i.get_fat), (204 bytes).
    Removing ff.o(i.get_fileinfo), (102 bytes).
    Removing ff.o(i.get_ldnumber), (60 bytes).
    Removing ff.o(i.inc_lock), (148 bytes).
    Removing ff.o(i.ld_clust), (36 bytes).
    Removing ff.o(i.lock_fs), (16 bytes).
    Removing ff.o(i.mem_cpy), (16 bytes).
    Removing ff.o(i.mem_set), (14 bytes).
    Removing ff.o(i.move_window), (56 bytes).
    Removing ff.o(i.put_fat), (254 bytes).
    Removing ff.o(i.putc_bfd), (70 bytes).
    Removing ff.o(i.remove_chain), (102 bytes).
    Removing ff.o(i.st_clust), (16 bytes).
    Removing ff.o(i.sync_fs), (148 bytes).
    Removing ff.o(i.sync_window), (84 bytes).
    Removing ff.o(i.unlock_fs), (36 bytes).
    Removing ff.o(i.validate), (70 bytes).
    Removing ff.o(.bss), (24 bytes).
    Removing ff.o(.constdata), (172 bytes).
    Removing ff.o(.data), (8 bytes).
    Removing ff_gen_drv.o(.rev16_text), (4 bytes).
    Removing ff_gen_drv.o(.revsh_text), (4 bytes).
    Removing ff_gen_drv.o(i.FATFS_GetAttachedDriversNbr), (12 bytes).
    Removing ff_gen_drv.o(i.FATFS_UnLinkDriver), (10 bytes).
    Removing ff_gen_drv.o(i.FATFS_UnLinkDriverEx), (52 bytes).
    Removing syscall.o(.rev16_text), (4 bytes).
    Removing syscall.o(.revsh_text), (4 bytes).
    Removing syscall.o(i.ff_cre_syncobj), (28 bytes).
    Removing syscall.o(i.ff_del_syncobj), (10 bytes).
    Removing syscall.o(i.ff_rel_grant), (8 bytes).
    Removing syscall.o(i.ff_req_grant), (22 bytes).
    Removing event_groups.o(i.prvTestWaitCondition), (22 bytes).
    Removing event_groups.o(i.vEventGroupClearBitsCallback), (8 bytes).
    Removing event_groups.o(i.vEventGroupDelete), (60 bytes).
    Removing event_groups.o(i.vEventGroupSetBitsCallback), (8 bytes).
    Removing event_groups.o(i.xEventGroupClearBits), (40 bytes).
    Removing event_groups.o(i.xEventGroupCreate), (28 bytes).
    Removing event_groups.o(i.xEventGroupCreateStatic), (34 bytes).
    Removing event_groups.o(i.xEventGroupGetBitsFromISR), (18 bytes).
    Removing event_groups.o(i.xEventGroupSetBits), (116 bytes).
    Removing event_groups.o(i.xEventGroupSync), (164 bytes).
    Removing event_groups.o(i.xEventGroupWaitBits), (204 bytes).
    Removing queue.o(i.pcQueueGetName), (40 bytes).
    Removing queue.o(i.prvCopyDataFromQueue), (38 bytes).
    Removing queue.o(i.prvCopyDataToQueue), (112 bytes).
    Removing queue.o(i.prvInitialiseMutex), (24 bytes).
    Removing queue.o(i.prvInitialiseNewQueue), (28 bytes).
    Removing queue.o(i.prvIsQueueEmpty), (28 bytes).
    Removing queue.o(i.prvUnlockQueue), (112 bytes).
    Removing queue.o(i.uxQueueMessagesWaiting), (24 bytes).
    Removing queue.o(i.uxQueueMessagesWaitingFromISR), (12 bytes).
    Removing queue.o(i.uxQueueSpacesAvailable), (28 bytes).
    Removing queue.o(i.vQueueAddToRegistry), (36 bytes).
    Removing queue.o(i.vQueueDelete), (30 bytes).
    Removing queue.o(i.vQueueUnregisterQueue), (40 bytes).
    Removing queue.o(i.xQueueCreateMutex), (22 bytes).
    Removing queue.o(i.xQueueCreateMutexStatic), (26 bytes).
    Removing queue.o(i.xQueueGenericCreate), (60 bytes).
    Removing queue.o(i.xQueueGenericCreateStatic), (64 bytes).
    Removing queue.o(i.xQueueGenericReset), (108 bytes).
    Removing queue.o(i.xQueueGenericSend), (280 bytes).
    Removing queue.o(i.xQueueGenericSendFromISR), (140 bytes).
    Removing queue.o(i.xQueueGiveFromISR), (116 bytes).
    Removing queue.o(i.xQueueIsQueueEmptyFromISR), (22 bytes).
    Removing queue.o(i.xQueueIsQueueFullFromISR), (24 bytes).
    Removing queue.o(i.xQueuePeek), (258 bytes).
    Removing queue.o(i.xQueuePeekFromISR), (76 bytes).
    Removing queue.o(i.xQueueReceive), (258 bytes).
    Removing queue.o(i.xQueueReceiveFromISR), (120 bytes).
    Removing queue.o(i.xQueueSemaphoreTake), (320 bytes).
    Removing queue.o(.bss), (64 bytes).
    Removing stream_buffer.o(i.prvBytesInBuffer), (18 bytes).
    Removing stream_buffer.o(i.prvInitialiseNewStreamBuffer), (56 bytes).
    Removing stream_buffer.o(i.prvReadBytesFromBuffer), (106 bytes).
    Removing stream_buffer.o(i.prvReadMessageFromBuffer), (66 bytes).
    Removing stream_buffer.o(i.prvWriteBytesToBuffer), (88 bytes).
    Removing stream_buffer.o(i.prvWriteMessageToBuffer), (62 bytes).
    Removing stream_buffer.o(i.vStreamBufferDelete), (30 bytes).
    Removing stream_buffer.o(i.xStreamBufferBytesAvailable), (16 bytes).
    Removing stream_buffer.o(i.xStreamBufferGenericCreate), (60 bytes).
    Removing stream_buffer.o(i.xStreamBufferGenericCreateStatic), (68 bytes).
    Removing stream_buffer.o(i.xStreamBufferIsEmpty), (24 bytes).
    Removing stream_buffer.o(i.xStreamBufferIsFull), (38 bytes).
    Removing stream_buffer.o(i.xStreamBufferReceive), (172 bytes).
    Removing stream_buffer.o(i.xStreamBufferReceiveCompletedFromISR), (58 bytes).
    Removing stream_buffer.o(i.xStreamBufferReceiveFromISR), (110 bytes).
    Removing stream_buffer.o(i.xStreamBufferReset), (52 bytes).
    Removing stream_buffer.o(i.xStreamBufferSend), (198 bytes).
    Removing stream_buffer.o(i.xStreamBufferSendCompletedFromISR), (58 bytes).
    Removing stream_buffer.o(i.xStreamBufferSendFromISR), (110 bytes).
    Removing stream_buffer.o(i.xStreamBufferSetTriggerLevel), (32 bytes).
    Removing stream_buffer.o(i.xStreamBufferSpacesAvailable), (28 bytes).
    Removing tasks.o(i.pcTaskGetName), (24 bytes).
    Removing tasks.o(i.prvTaskIsTaskSuspended), (44 bytes).
    Removing tasks.o(i.pvTaskIncrementMutexHeldCount), (24 bytes).
    Removing tasks.o(i.ulTaskNotifyTake), (96 bytes).
    Removing tasks.o(i.uxTaskGetNumberOfTasks), (12 bytes).
    Removing tasks.o(i.uxTaskPriorityGet), (32 bytes).
    Removing tasks.o(i.uxTaskPriorityGetFromISR), (32 bytes).
    Removing tasks.o(i.uxTaskResetEventItemValue), (24 bytes).
    Removing tasks.o(i.vTaskDelete), (120 bytes).
    Removing tasks.o(i.vTaskEndScheduler), (20 bytes).
    Removing tasks.o(i.vTaskInternalSetTimeOutState), (16 bytes).
    Removing tasks.o(i.vTaskMissedYield), (12 bytes).
    Removing tasks.o(i.vTaskNotifyGiveFromISR), (140 bytes).
    Removing tasks.o(i.vTaskPlaceOnEventList), (36 bytes).
    Removing tasks.o(i.vTaskPlaceOnUnorderedEventList), (60 bytes).
    Removing tasks.o(i.vTaskPriorityDisinheritAfterTimeout), (112 bytes).
    Removing tasks.o(i.vTaskPrioritySet), (148 bytes).
    Removing tasks.o(i.vTaskRemoveFromUnorderedEventList), (92 bytes).
    Removing tasks.o(i.vTaskResume), (92 bytes).
    Removing tasks.o(i.vTaskSetTimeOutState), (36 bytes).
    Removing tasks.o(i.vTaskSuspend), (136 bytes).
    Removing tasks.o(i.xTaskCheckForTimeOut), (92 bytes).
    Removing tasks.o(i.xTaskGenericNotify), (164 bytes).
    Removing tasks.o(i.xTaskGenericNotifyFromISR), (196 bytes).
    Removing tasks.o(i.xTaskGetCurrentTaskHandle), (12 bytes).
    Removing tasks.o(i.xTaskGetTickCount), (12 bytes).
    Removing tasks.o(i.xTaskGetTickCountFromISR), (12 bytes).
    Removing tasks.o(i.xTaskNotifyStateClear), (48 bytes).
    Removing tasks.o(i.xTaskNotifyWait), (124 bytes).
    Removing tasks.o(i.xTaskPriorityDisinherit), (104 bytes).
    Removing tasks.o(i.xTaskPriorityInherit), (120 bytes).
    Removing tasks.o(i.xTaskRemoveFromEventList), (100 bytes).
    Removing tasks.o(i.xTaskResumeFromISR), (108 bytes).
    Removing cmsis_os.o(.rev16_text), (4 bytes).
    Removing cmsis_os.o(.revsh_text), (4 bytes).
    Removing cmsis_os.o(i.inHandlerMode), (12 bytes).
    Removing cmsis_os.o(i.makeCmsisPriority), (14 bytes).
    Removing cmsis_os.o(i.osAbortDelay), (4 bytes).
    Removing cmsis_os.o(i.osDelayUntil), (4 bytes).
    Removing cmsis_os.o(i.osKernelRunning), (18 bytes).
    Removing cmsis_os.o(i.osKernelSysTick), (22 bytes).
    Removing cmsis_os.o(i.osMailAlloc), (14 bytes).
    Removing cmsis_os.o(i.osMailCAlloc), (32 bytes).
    Removing cmsis_os.o(i.osMailCreate), (92 bytes).
    Removing cmsis_os.o(i.osMailFree), (18 bytes).
    Removing cmsis_os.o(i.osMailGet), (136 bytes).
    Removing cmsis_os.o(i.osMailPut), (88 bytes).
    Removing cmsis_os.o(i.osMessageAvailableSpace), (8 bytes).
    Removing cmsis_os.o(i.osMessageCreate), (40 bytes).
    Removing cmsis_os.o(i.osMessageDelete), (26 bytes).
    Removing cmsis_os.o(i.osMessageGet), (140 bytes).
    Removing cmsis_os.o(i.osMessagePeek), (76 bytes).
    Removing cmsis_os.o(i.osMessagePut), (88 bytes).
    Removing cmsis_os.o(i.osMessageWaiting), (26 bytes).
    Removing cmsis_os.o(i.osMutexCreate), (24 bytes).
    Removing cmsis_os.o(i.osMutexDelete), (26 bytes).
    Removing cmsis_os.o(i.osMutexRelease), (76 bytes).
    Removing cmsis_os.o(i.osMutexWait), (100 bytes).
    Removing cmsis_os.o(i.osPoolAlloc), (102 bytes).
    Removing cmsis_os.o(i.osPoolCAlloc), (20 bytes).
    Removing cmsis_os.o(i.osPoolCreate), (94 bytes).
    Removing cmsis_os.o(i.osPoolFree), (48 bytes).
    Removing cmsis_os.o(i.osRecursiveMutexCreate), (4 bytes).
    Removing cmsis_os.o(i.osRecursiveMutexRelease), (4 bytes).
    Removing cmsis_os.o(i.osRecursiveMutexWait), (4 bytes).
    Removing cmsis_os.o(i.osSemaphoreCreate), (64 bytes).
    Removing cmsis_os.o(i.osSemaphoreDelete), (26 bytes).
    Removing cmsis_os.o(i.osSemaphoreGetCount), (8 bytes).
    Removing cmsis_os.o(i.osSemaphoreRelease), (76 bytes).
    Removing cmsis_os.o(i.osSemaphoreWait), (100 bytes).
    Removing cmsis_os.o(i.osSignalSet), (88 bytes).
    Removing cmsis_os.o(i.osSignalWait), (90 bytes).
    Removing cmsis_os.o(i.osSystickHandler), (16 bytes).
    Removing cmsis_os.o(i.osThreadGetId), (8 bytes).
    Removing cmsis_os.o(i.osThreadGetPriority), (30 bytes).
    Removing cmsis_os.o(i.osThreadList), (4 bytes).
    Removing cmsis_os.o(i.osThreadResume), (44 bytes).
    Removing cmsis_os.o(i.osThreadResumeAll), (18 bytes).
    Removing cmsis_os.o(i.osThreadSetPriority), (22 bytes).
    Removing cmsis_os.o(i.osThreadSuspend), (10 bytes).
    Removing cmsis_os.o(i.osThreadSuspendAll), (10 bytes).
    Removing cmsis_os.o(i.osThreadTerminate), (10 bytes).
    Removing cmsis_os.o(i.osThreadYield), (10 bytes).
    Removing cmsis_os.o(i.osTimerCreate), (4 bytes).
    Removing cmsis_os.o(i.osTimerDelete), (4 bytes).
    Removing cmsis_os.o(i.osTimerStart), (4 bytes).
    Removing cmsis_os.o(i.osTimerStop), (4 bytes).
    Removing heap_4.o(i.vPortInitialiseBlocks), (2 bytes).
    Removing heap_4.o(i.xPortGetFreeHeapSize), (12 bytes).
    Removing heap_4.o(i.xPortGetMinimumEverFreeHeapSize), (12 bytes).
    Removing port.o(i.vPortEndScheduler), (24 bytes).
    Removing stm32f0xx_hal_dma.o(i.__ARM_common_switch8), (26 bytes).

503 unused section(s) (total 39616 bytes) removed from the image.

==============================================================================

Image Symbol Table

    Local Symbols

    Symbol Name                              Value     Ov Type        Size  Object(Section)

    ../Drivers/STM32F0xx_HAL_Driver/Src/stm32f0xx_hal.c 0x00000000   Number         0  stm32f0xx_hal.o ABSOLUTE
    ../Drivers/STM32F0xx_HAL_Driver/Src/stm32f0xx_hal_adc.c 0x00000000   Number         0  stm32f0xx_hal_adc.o ABSOLUTE
    ../Drivers/STM32F0xx_HAL_Driver/Src/stm32f0xx_hal_adc_ex.c 0x00000000   Number         0  stm32f0xx_hal_adc_ex.o ABSOLUTE
    ../Drivers/STM32F0xx_HAL_Driver/Src/stm32f0xx_hal_cortex.c 0x00000000   Number         0  stm32f0xx_hal_cortex.o ABSOLUTE
    ../Drivers/STM32F0xx_HAL_Driver/Src/stm32f0xx_hal_dma.c 0x00000000   Number         0  stm32f0xx_hal_dma.o ABSOLUTE
    ../Drivers/STM32F0xx_HAL_Driver/Src/stm32f0xx_hal_exti.c 0x00000000   Number         0  stm32f0xx_hal_exti.o ABSOLUTE
    ../Drivers/STM32F0xx_HAL_Driver/Src/stm32f0xx_hal_flash.c 0x00000000   Number         0  stm32f0xx_hal_flash.o ABSOLUTE
    ../Drivers/STM32F0xx_HAL_Driver/Src/stm32f0xx_hal_flash_ex.c 0x00000000   Number         0  stm32f0xx_hal_flash_ex.o ABSOLUTE
    ../Drivers/STM32F0xx_HAL_Driver/Src/stm32f0xx_hal_gpio.c 0x00000000   Number         0  stm32f0xx_hal_gpio.o ABSOLUTE
    ../Drivers/STM32F0xx_HAL_Driver/Src/stm32f0xx_hal_i2c.c 0x00000000   Number         0  stm32f0xx_hal_i2c.o ABSOLUTE
    ../Drivers/STM32F0xx_HAL_Driver/Src/stm32f0xx_hal_i2c_ex.c 0x00000000   Number         0  stm32f0xx_hal_i2c_ex.o ABSOLUTE
    ../Drivers/STM32F0xx_HAL_Driver/Src/stm32f0xx_hal_pwr.c 0x00000000   Number         0  stm32f0xx_hal_pwr.o ABSOLUTE
    ../Drivers/STM32F0xx_HAL_Driver/Src/stm32f0xx_hal_pwr_ex.c 0x00000000   Number         0  stm32f0xx_hal_pwr_ex.o ABSOLUTE
    ../Drivers/STM32F0xx_HAL_Driver/Src/stm32f0xx_hal_rcc.c 0x00000000   Number         0  stm32f0xx_hal_rcc.o ABSOLUTE
    ../Drivers/STM32F0xx_HAL_Driver/Src/stm32f0xx_hal_rcc_ex.c 0x00000000   Number         0  stm32f0xx_hal_rcc_ex.o ABSOLUTE
    ../Drivers/STM32F0xx_HAL_Driver/Src/stm32f0xx_hal_tim.c 0x00000000   Number         0  stm32f0xx_hal_tim.o ABSOLUTE
    ../Drivers/STM32F0xx_HAL_Driver/Src/stm32f0xx_hal_tim_ex.c 0x00000000   Number         0  stm32f0xx_hal_tim_ex.o ABSOLUTE
    ../Middlewares/Third_Party/FatFs/src/diskio.c 0x00000000   Number         0  diskio.o ABSOLUTE
    ../Middlewares/Third_Party/FatFs/src/ff.c 0x00000000   Number         0  ff.o ABSOLUTE
    ../Middlewares/Third_Party/FatFs/src/ff_gen_drv.c 0x00000000   Number         0  ff_gen_drv.o ABSOLUTE
    ../Middlewares/Third_Party/FatFs/src/option/syscall.c 0x00000000   Number         0  syscall.o ABSOLUTE
    ../Middlewares/Third_Party/FreeRTOS/Source/CMSIS_RTOS/cmsis_os.c 0x00000000   Number         0  cmsis_os.o ABSOLUTE
    ../Middlewares/Third_Party/FreeRTOS/Source/croutine.c 0x00000000   Number         0  croutine.o ABSOLUTE
    ../Middlewares/Third_Party/FreeRTOS/Source/event_groups.c 0x00000000   Number         0  event_groups.o ABSOLUTE
    ../Middlewares/Third_Party/FreeRTOS/Source/list.c 0x00000000   Number         0  list.o ABSOLUTE
    ../Middlewares/Third_Party/FreeRTOS/Source/portable/MemMang/heap_4.c 0x00000000   Number         0  heap_4.o ABSOLUTE
    ../Middlewares/Third_Party/FreeRTOS/Source/portable/RVDS/ARM_CM0/port.c 0x00000000   Number         0  port.o ABSOLUTE
    ../Middlewares/Third_Party/FreeRTOS/Source/queue.c 0x00000000   Number         0  queue.o ABSOLUTE
    ../Middlewares/Third_Party/FreeRTOS/Source/stream_buffer.c 0x00000000   Number         0  stream_buffer.o ABSOLUTE
    ../Middlewares/Third_Party/FreeRTOS/Source/tasks.c 0x00000000   Number         0  tasks.o ABSOLUTE
    ../Middlewares/Third_Party/FreeRTOS/Source/timers.c 0x00000000   Number         0  timers.o ABSOLUTE
    ../Src/fatfs.c                           0x00000000   Number         0  fatfs.o ABSOLUTE
    ../Src/freertos.c                        0x00000000   Number         0  freertos.o ABSOLUTE
    ../Src/main.c                            0x00000000   Number         0  main.o ABSOLUTE
    ../Src/stm32f0xx_hal_msp.c               0x00000000   Number         0  stm32f0xx_hal_msp.o ABSOLUTE
    ../Src/stm32f0xx_it.c                    0x00000000   Number         0  stm32f0xx_it.o ABSOLUTE
    ../Src/system_stm32f0xx.c                0x00000000   Number         0  system_stm32f0xx.o ABSOLUTE
    ../Src/user_diskio.c                     0x00000000   Number         0  user_diskio.o ABSOLUTE
    ../clib/microlib/division.c              0x00000000   Number         0  uidiv.o ABSOLUTE
    ../clib/microlib/division.c              0x00000000   Number         0  uldiv.o ABSOLUTE
    ../clib/microlib/init/entry.s            0x00000000   Number         0  entry8a.o ABSOLUTE
    ../clib/microlib/init/entry.s            0x00000000   Number         0  entry8b.o ABSOLUTE
    ../clib/microlib/init/entry.s            0x00000000   Number         0  entry9a.o ABSOLUTE
    ../clib/microlib/init/entry.s            0x00000000   Number         0  entry9b.o ABSOLUTE
    ../clib/microlib/init/entry.s            0x00000000   Number         0  entry10a.o ABSOLUTE
    ../clib/microlib/init/entry.s            0x00000000   Number         0  entry10b.o ABSOLUTE
    ../clib/microlib/init/entry.s            0x00000000   Number         0  entry11b.o ABSOLUTE
    ../clib/microlib/init/entry.s            0x00000000   Number         0  entry11a.o ABSOLUTE
    ../clib/microlib/init/entry.s            0x00000000   Number         0  entry.o ABSOLUTE
    ../clib/microlib/init/entry.s            0x00000000   Number         0  entry7b.o ABSOLUTE
    ../clib/microlib/init/entry.s            0x00000000   Number         0  entry7a.o ABSOLUTE
    ../clib/microlib/init/entry.s            0x00000000   Number         0  entry5.o ABSOLUTE
    ../clib/microlib/init/entry.s            0x00000000   Number         0  entry2.o ABSOLUTE
    ../clib/microlib/longlong.c              0x00000000   Number         0  llshl.o ABSOLUTE
    ../clib/microlib/longlong.c              0x00000000   Number         0  llushr.o ABSOLUTE
    ../clib/microlib/string/memcpy.c         0x00000000   Number         0  memcpyb.o ABSOLUTE
    ../clib/microlib/string/memcpy.c         0x00000000   Number         0  memcpya.o ABSOLUTE
    ../clib/microlib/string/memset.c         0x00000000   Number         0  memseta.o ABSOLUTE
    ../clib/microlib/string/memset.c         0x00000000   Number         0  memset.o ABSOLUTE
    ../clib/microlib/unhosted.c              0x00000000   Number         0  uread4.o ABSOLUTE
    ..\Drivers\STM32F0xx_HAL_Driver\Src\stm32f0xx_hal.c 0x00000000   Number         0  stm32f0xx_hal.o ABSOLUTE
    ..\Drivers\STM32F0xx_HAL_Driver\Src\stm32f0xx_hal_adc.c 0x00000000   Number         0  stm32f0xx_hal_adc.o ABSOLUTE
    ..\Drivers\STM32F0xx_HAL_Driver\Src\stm32f0xx_hal_adc_ex.c 0x00000000   Number         0  stm32f0xx_hal_adc_ex.o ABSOLUTE
    ..\Drivers\STM32F0xx_HAL_Driver\Src\stm32f0xx_hal_cortex.c 0x00000000   Number         0  stm32f0xx_hal_cortex.o ABSOLUTE
    ..\Drivers\STM32F0xx_HAL_Driver\Src\stm32f0xx_hal_dma.c 0x00000000   Number         0  stm32f0xx_hal_dma.o ABSOLUTE
    ..\Drivers\STM32F0xx_HAL_Driver\Src\stm32f0xx_hal_exti.c 0x00000000   Number         0  stm32f0xx_hal_exti.o ABSOLUTE
    ..\Drivers\STM32F0xx_HAL_Driver\Src\stm32f0xx_hal_flash.c 0x00000000   Number         0  stm32f0xx_hal_flash.o ABSOLUTE
    ..\Drivers\STM32F0xx_HAL_Driver\Src\stm32f0xx_hal_flash_ex.c 0x00000000   Number         0  stm32f0xx_hal_flash_ex.o ABSOLUTE
    ..\Drivers\STM32F0xx_HAL_Driver\Src\stm32f0xx_hal_gpio.c 0x00000000   Number         0  stm32f0xx_hal_gpio.o ABSOLUTE
    ..\Drivers\STM32F0xx_HAL_Driver\Src\stm32f0xx_hal_i2c.c 0x00000000   Number         0  stm32f0xx_hal_i2c.o ABSOLUTE
    ..\Drivers\STM32F0xx_HAL_Driver\Src\stm32f0xx_hal_i2c_ex.c 0x00000000   Number         0  stm32f0xx_hal_i2c_ex.o ABSOLUTE
    ..\Drivers\STM32F0xx_HAL_Driver\Src\stm32f0xx_hal_pwr.c 0x00000000   Number         0  stm32f0xx_hal_pwr.o ABSOLUTE
    ..\Drivers\STM32F0xx_HAL_Driver\Src\stm32f0xx_hal_pwr_ex.c 0x00000000   Number         0  stm32f0xx_hal_pwr_ex.o ABSOLUTE
    ..\Drivers\STM32F0xx_HAL_Driver\Src\stm32f0xx_hal_rcc.c 0x00000000   Number         0  stm32f0xx_hal_rcc.o ABSOLUTE
    ..\Drivers\STM32F0xx_HAL_Driver\Src\stm32f0xx_hal_rcc_ex.c 0x00000000   Number         0  stm32f0xx_hal_rcc_ex.o ABSOLUTE
    ..\Drivers\STM32F0xx_HAL_Driver\Src\stm32f0xx_hal_tim.c 0x00000000   Number         0  stm32f0xx_hal_tim.o ABSOLUTE
    ..\Drivers\STM32F0xx_HAL_Driver\Src\stm32f0xx_hal_tim_ex.c 0x00000000   Number         0  stm32f0xx_hal_tim_ex.o ABSOLUTE
    ..\Middlewares\Third_Party\FatFs\src\diskio.c 0x00000000   Number         0  diskio.o ABSOLUTE
    ..\Middlewares\Third_Party\FatFs\src\ff.c 0x00000000   Number         0  ff.o ABSOLUTE
    ..\Middlewares\Third_Party\FatFs\src\ff_gen_drv.c 0x00000000   Number         0  ff_gen_drv.o ABSOLUTE
    ..\Middlewares\Third_Party\FatFs\src\option\syscall.c 0x00000000   Number         0  syscall.o ABSOLUTE
    ..\Middlewares\Third_Party\FreeRTOS\Source\CMSIS_RTOS\cmsis_os.c 0x00000000   Number         0  cmsis_os.o ABSOLUTE
    ..\Middlewares\Third_Party\FreeRTOS\Source\portable\RVDS\ARM_CM0\port.c 0x00000000   Number         0  port.o ABSOLUTE
    ..\Src\fatfs.c                           0x00000000   Number         0  fatfs.o ABSOLUTE
    ..\Src\freertos.c                        0x00000000   Number         0  freertos.o ABSOLUTE
    ..\Src\main.c                            0x00000000   Number         0  main.o ABSOLUTE
    ..\Src\stm32f0xx_hal_msp.c               0x00000000   Number         0  stm32f0xx_hal_msp.o ABSOLUTE
    ..\Src\stm32f0xx_it.c                    0x00000000   Number         0  stm32f0xx_it.o ABSOLUTE
    ..\Src\system_stm32f0xx.c                0x00000000   Number         0  system_stm32f0xx.o ABSOLUTE
    ..\Src\user_diskio.c                     0x00000000   Number         0  user_diskio.o ABSOLUTE
    dc.s                                     0x00000000   Number         0  dc.o ABSOLUTE
    handlers.s                               0x00000000   Number         0  handlers.o ABSOLUTE
    init.s                                   0x00000000   Number         0  init.o ABSOLUTE
    startup_stm32f030x6.s                    0x00000000   Number         0  startup_stm32f030x6.o ABSOLUTE
    RESET                                    0x08000000   Section      176  startup_stm32f030x6.o(RESET)
    .ARM.Collect$$$$00000000                 0x080000b0   Section        0  entry.o(.ARM.Collect$$$$00000000)
    .ARM.Collect$$$$00000001                 0x080000b0   Section        4  entry2.o(.ARM.Collect$$$$00000001)
    .ARM.Collect$$$$00000004                 0x080000b4   Section        4  entry5.o(.ARM.Collect$$$$00000004)
    .ARM.Collect$$$$00000008                 0x080000b8   Section        0  entry7b.o(.ARM.Collect$$$$00000008)
    .ARM.Collect$$$$0000000A                 0x080000b8   Section        0  entry8b.o(.ARM.Collect$$$$0000000A)
    .ARM.Collect$$$$0000000B                 0x080000b8   Section        8  entry9a.o(.ARM.Collect$$$$0000000B)
    .ARM.Collect$$$$0000000D                 0x080000c0   Section        0  entry10a.o(.ARM.Collect$$$$0000000D)
    .ARM.Collect$$$$0000000F                 0x080000c0   Section        0  entry11a.o(.ARM.Collect$$$$0000000F)
    .ARM.Collect$$$$00002712                 0x080000c0   Section        4  entry2.o(.ARM.Collect$$$$00002712)
    __lit__00000000                          0x080000c0   Data           4  entry2.o(.ARM.Collect$$$$00002712)
    .emb_text                                0x080000c4   Section      120  port.o(.emb_text)
    .text                                    0x0800013c   Section       28  startup_stm32f030x6.o(.text)
    .text                                    0x08000158   Section        0  uidiv.o(.text)
    .text                                    0x08000184   Section        0  uldiv.o(.text)
    .text                                    0x080001e4   Section        0  llushr.o(.text)
    .text                                    0x08000206   Section        0  memcpya.o(.text)
    .text                                    0x0800022a   Section        0  memseta.o(.text)
    .text                                    0x0800024e   Section        0  llshl.o(.text)
    .text                                    0x08000270   Section       36  init.o(.text)
    i.FATFS_LinkDriver                       0x08000294   Section        0  ff_gen_drv.o(i.FATFS_LinkDriver)
    i.FATFS_LinkDriverEx                     0x080002a0   Section        0  ff_gen_drv.o(i.FATFS_LinkDriverEx)
    i.HAL_ADC_ConfigChannel                  0x080002e0   Section        0  stm32f0xx_hal_adc.o(i.HAL_ADC_ConfigChannel)
    i.HAL_ADC_Init                           0x080003f0   Section        0  stm32f0xx_hal_adc.o(i.HAL_ADC_Init)
    i.HAL_ADC_MspInit                        0x08000564   Section        0  stm32f0xx_hal_msp.o(i.HAL_ADC_MspInit)
    i.HAL_GPIO_Init                          0x080005bc   Section        0  stm32f0xx_hal_gpio.o(i.HAL_GPIO_Init)
    i.HAL_GetTick                            0x08000704   Section        0  stm32f0xx_hal.o(i.HAL_GetTick)
    i.HAL_I2CEx_ConfigAnalogFilter           0x08000710   Section        0  stm32f0xx_hal_i2c_ex.o(i.HAL_I2CEx_ConfigAnalogFilter)
    i.HAL_I2CEx_ConfigDigitalFilter          0x0800075a   Section        0  stm32f0xx_hal_i2c_ex.o(i.HAL_I2CEx_ConfigDigitalFilter)
    i.HAL_I2C_Init                           0x080007a4   Section        0  stm32f0xx_hal_i2c.o(i.HAL_I2C_Init)
    i.HAL_I2C_MspInit                        0x08000858   Section        0  stm32f0xx_hal_msp.o(i.HAL_I2C_MspInit)
    i.HAL_IncTick                            0x080008bc   Section        0  stm32f0xx_hal.o(i.HAL_IncTick)
    i.HAL_Init                               0x080008cc   Section        0  stm32f0xx_hal.o(i.HAL_Init)
    i.HAL_InitTick                           0x080008ec   Section        0  stm32f0xx_hal.o(i.HAL_InitTick)
    i.HAL_MspInit                            0x08000930   Section        0  stm32f0xx_hal_msp.o(i.HAL_MspInit)
    i.HAL_NVIC_SetPriority                   0x08000960   Section        0  stm32f0xx_hal_cortex.o(i.HAL_NVIC_SetPriority)
    i.HAL_RCCEx_PeriphCLKConfig              0x08000968   Section        0  stm32f0xx_hal_rcc_ex.o(i.HAL_RCCEx_PeriphCLKConfig)
    i.HAL_RCC_ClockConfig                    0x08000a50   Section        0  stm32f0xx_hal_rcc.o(i.HAL_RCC_ClockConfig)
    i.HAL_RCC_GetSysClockFreq                0x08000b58   Section        0  stm32f0xx_hal_rcc.o(i.HAL_RCC_GetSysClockFreq)
    i.HAL_RCC_OscConfig                      0x08000bd8   Section        0  stm32f0xx_hal_rcc.o(i.HAL_RCC_OscConfig)
    i.HAL_SYSTICK_Config                     0x08000f60   Section        0  stm32f0xx_hal_cortex.o(i.HAL_SYSTICK_Config)
    i.HardFault_Handler                      0x08000f90   Section        0  stm32f0xx_it.o(i.HardFault_Handler)
    i.MX_ADC_Init                            0x08000f94   Section        0  main.o(i.MX_ADC_Init)
    MX_ADC_Init                              0x08000f95   Thumb Code   102  main.o(i.MX_ADC_Init)
    i.MX_FATFS_Init                          0x08001004   Section        0  fatfs.o(i.MX_FATFS_Init)
    i.MX_I2C1_Init                           0x08001020   Section        0  main.o(i.MX_I2C1_Init)
    MX_I2C1_Init                             0x08001021   Thumb Code    52  main.o(i.MX_I2C1_Init)
    i.NMI_Handler                            0x08001060   Section        0  stm32f0xx_it.o(i.NMI_Handler)
    i.SVC_Handler                            0x08001062   Section        0  port.o(i.SVC_Handler)
    i.StartDefaultTask                       0x08001064   Section        0  main.o(i.StartDefaultTask)
    i.SysTick_Handler                        0x0800106c   Section        0  stm32f0xx_it.o(i.SysTick_Handler)
    i.SystemClock_Config                     0x08001080   Section        0  main.o(i.SystemClock_Config)
    i.SystemInit                             0x080010d8   Section        0  system_stm32f0xx.o(i.SystemInit)
    i.USER_initialize                        0x080010dc   Section        0  user_diskio.o(i.USER_initialize)
    i.USER_ioctl                             0x080010ec   Section        0  user_diskio.o(i.USER_ioctl)
    i.USER_read                              0x080010f0   Section        0  user_diskio.o(i.USER_read)
    i.USER_status                            0x080010f4   Section        0  user_diskio.o(i.USER_status)
    i.USER_write                             0x08001104   Section        0  user_diskio.o(i.USER_write)
    i.__ARM_common_ll_muluu                  0x08001108   Section        0  stm32f0xx_hal_rcc.o(i.__ARM_common_ll_muluu)
    i.__NVIC_SetPriority                     0x08001138   Section        0  stm32f0xx_hal_cortex.o(i.__NVIC_SetPriority)
    __NVIC_SetPriority                       0x08001139   Thumb Code    60  stm32f0xx_hal_cortex.o(i.__NVIC_SetPriority)
    i.__scatterload_copy                     0x0800117c   Section       14  handlers.o(i.__scatterload_copy)
    i.__scatterload_null                     0x0800118a   Section        2  handlers.o(i.__scatterload_null)
    i.__scatterload_zeroinit                 0x0800118c   Section       14  handlers.o(i.__scatterload_zeroinit)
    i.main                                   0x0800119c   Section        0  main.o(i.main)
    i.makeFreeRtosPriority                   0x080011fc   Section        0  cmsis_os.o(i.makeFreeRtosPriority)
    makeFreeRtosPriority                     0x080011fd   Thumb Code    12  cmsis_os.o(i.makeFreeRtosPriority)
    i.osDelay                                0x08001208   Section        0  cmsis_os.o(i.osDelay)
    i.osKernelStart                          0x08001218   Section        0  cmsis_os.o(i.osKernelStart)
    i.osThreadCreate                         0x08001222   Section        0  cmsis_os.o(i.osThreadCreate)
    i.prvAddCurrentTaskToDelayedList         0x0800127c   Section        0  tasks.o(i.prvAddCurrentTaskToDelayedList)
    prvAddCurrentTaskToDelayedList           0x0800127d   Thumb Code    78  tasks.o(i.prvAddCurrentTaskToDelayedList)
    i.prvAddNewTaskToReadyList               0x080012d4   Section        0  tasks.o(i.prvAddNewTaskToReadyList)
    prvAddNewTaskToReadyList                 0x080012d5   Thumb Code   176  tasks.o(i.prvAddNewTaskToReadyList)
    i.prvDeleteTCB                           0x0800138c   Section        0  tasks.o(i.prvDeleteTCB)
    prvDeleteTCB                             0x0800138d   Thumb Code    38  tasks.o(i.prvDeleteTCB)
    i.prvHeapInit                            0x080013b4   Section        0  heap_4.o(i.prvHeapInit)
    prvHeapInit                              0x080013b5   Thumb Code    60  heap_4.o(i.prvHeapInit)
    i.prvIdleTask                            0x080013f8   Section        0  tasks.o(i.prvIdleTask)
    prvIdleTask                              0x080013f9   Thumb Code    64  tasks.o(i.prvIdleTask)
    i.prvInitialiseNewTask                   0x08001440   Section        0  tasks.o(i.prvInitialiseNewTask)
    prvInitialiseNewTask                     0x08001441   Thumb Code   124  tasks.o(i.prvInitialiseNewTask)
    i.prvInsertBlockIntoFreeList             0x080014bc   Section        0  heap_4.o(i.prvInsertBlockIntoFreeList)
    prvInsertBlockIntoFreeList               0x080014bd   Thumb Code    72  heap_4.o(i.prvInsertBlockIntoFreeList)
    i.prvResetNextTaskUnblockTime            0x08001508   Section        0  tasks.o(i.prvResetNextTaskUnblockTime)
    prvResetNextTaskUnblockTime              0x08001509   Thumb Code    28  tasks.o(i.prvResetNextTaskUnblockTime)
    i.prvTaskExitError                       0x08001528   Section        0  port.o(i.prvTaskExitError)
    prvTaskExitError                         0x08001529   Thumb Code    14  port.o(i.prvTaskExitError)
    i.pvPortMalloc                           0x0800153c   Section        0  heap_4.o(i.pvPortMalloc)
    i.pxPortInitialiseStack                  0x080015ec   Section        0  port.o(i.pxPortInitialiseStack)
    i.uxListRemove                           0x0800160c   Section        0  list.o(i.uxListRemove)
    i.vApplicationGetIdleTaskMemory          0x08001634   Section        0  freertos.o(i.vApplicationGetIdleTaskMemory)
    i.vListInitialise                        0x08001648   Section        0  list.o(i.vListInitialise)
    i.vListInitialiseItem                    0x0800165e   Section        0  list.o(i.vListInitialiseItem)
    i.vListInsert                            0x08001664   Section        0  list.o(i.vListInsert)
    i.vListInsertEnd                         0x08001694   Section        0  list.o(i.vListInsertEnd)
    i.vPortEnterCritical                     0x080016ac   Section        0  port.o(i.vPortEnterCritical)
    i.vPortExitCritical                      0x080016c4   Section        0  port.o(i.vPortExitCritical)
    i.vPortFree                              0x080016e0   Section        0  heap_4.o(i.vPortFree)
    i.vPortYield                             0x08001724   Section        0  port.o(i.vPortYield)
    i.vTaskDelay                             0x0800173c   Section        0  tasks.o(i.vTaskDelay)
    i.vTaskStartScheduler                    0x0800176c   Section        0  tasks.o(i.vTaskStartScheduler)
    i.vTaskSuspendAll                        0x080017c4   Section        0  tasks.o(i.vTaskSuspendAll)
    i.vTaskSwitchContext                     0x080017d4   Section        0  tasks.o(i.vTaskSwitchContext)
    i.xPortStartScheduler                    0x0800182c   Section        0  port.o(i.xPortStartScheduler)
    i.xPortSysTickHandler                    0x0800187c   Section        0  port.o(i.xPortSysTickHandler)
    i.xTaskCreate                            0x080018a0   Section        0  tasks.o(i.xTaskCreate)
    i.xTaskCreateStatic                      0x080018f2   Section        0  tasks.o(i.xTaskCreateStatic)
    i.xTaskGetSchedulerState                 0x08001938   Section        0  tasks.o(i.xTaskGetSchedulerState)
    i.xTaskIncrementTick                     0x08001958   Section        0  tasks.o(i.xTaskIncrementTick)
    i.xTaskResumeAll                         0x08001a14   Section        0  tasks.o(i.xTaskResumeAll)
    .constdata                               0x08001ac0   Section       28  main.o(.constdata)
    .constdata                               0x08001adc   Section       16  system_stm32f0xx.o(.constdata)
    .conststring                             0x08001aec   Section       12  main.o(.conststring)
    .data                                    0x20000000   Section        4  main.o(.data)
    .data                                    0x20000004   Section        1  user_diskio.o(.data)
    Stat                                     0x20000004   Data           1  user_diskio.o(.data)
    .data                                    0x20000008   Section       20  user_diskio.o(.data)
    .data                                    0x2000001c   Section        5  fatfs.o(.data)
    .data                                    0x20000024   Section       12  stm32f0xx_hal.o(.data)
    .data                                    0x20000030   Section        4  system_stm32f0xx.o(.data)
    .data                                    0x20000034   Section       60  tasks.o(.data)
    pxDelayedTaskList                        0x20000038   Data           4  tasks.o(.data)
    pxOverflowDelayedTaskList                0x2000003c   Data           4  tasks.o(.data)
    uxDeletedTasksWaitingCleanUp             0x20000040   Data           4  tasks.o(.data)
    uxCurrentNumberOfTasks                   0x20000044   Data           4  tasks.o(.data)
    xTickCount                               0x20000048   Data           4  tasks.o(.data)
    uxTopReadyPriority                       0x2000004c   Data           4  tasks.o(.data)
    xSchedulerRunning                        0x20000050   Data           4  tasks.o(.data)
    uxPendedTicks                            0x20000054   Data           4  tasks.o(.data)
    xYieldPending                            0x20000058   Data           4  tasks.o(.data)
    xNumOfOverflows                          0x2000005c   Data           4  tasks.o(.data)
    uxTaskNumber                             0x20000060   Data           4  tasks.o(.data)
    xNextTaskUnblockTime                     0x20000064   Data           4  tasks.o(.data)
    xIdleTaskHandle                          0x20000068   Data           4  tasks.o(.data)
    uxSchedulerSuspended                     0x2000006c   Data           4  tasks.o(.data)
    .data                                    0x20000070   Section       24  heap_4.o(.data)
    pxEnd                                    0x20000070   Data           4  heap_4.o(.data)
    xFreeBytesRemaining                      0x20000074   Data           4  heap_4.o(.data)
    xMinimumEverFreeBytesRemaining           0x20000078   Data           4  heap_4.o(.data)
    xBlockAllocatedBit                       0x2000007c   Data           4  heap_4.o(.data)
    xStart                                   0x20000080   Data           8  heap_4.o(.data)
    .data                                    0x20000088   Section        4  port.o(.data)
    uxCriticalNesting                        0x20000088   Data           4  port.o(.data)
    .bss                                     0x2000008c   Section      140  main.o(.bss)
    .bss                                     0x20000118   Section      468  freertos.o(.bss)
    xIdleTaskTCBBuffer                       0x20000118   Data          84  freertos.o(.bss)
    xIdleStack                               0x2000016c   Data         384  freertos.o(.bss)
    .bss                                     0x200002ec   Section       12  ff_gen_drv.o(.bss)
    .bss                                     0x200002f8   Section      240  tasks.o(.bss)
    pxReadyTasksLists                        0x200002f8   Data         140  tasks.o(.bss)
    xDelayedTaskList1                        0x20000384   Data          20  tasks.o(.bss)
    xDelayedTaskList2                        0x20000398   Data          20  tasks.o(.bss)
    xPendingReadyList                        0x200003ac   Data          20  tasks.o(.bss)
    xTasksWaitingTermination                 0x200003c0   Data          20  tasks.o(.bss)
    xSuspendedTaskList                       0x200003d4   Data          20  tasks.o(.bss)
    .bss                                     0x200003e8   Section     2048  heap_4.o(.bss)
    ucHeap                                   0x200003e8   Data        2048  heap_4.o(.bss)
    STACK                                    0x20000be8   Section     1024  startup_stm32f030x6.o(STACK)

    Global Symbols

    Symbol Name                              Value     Ov Type        Size  Object(Section)

    BuildAttributes$$THM_ISAv3M$S$PE$A:L22$X:L11$S22$IEEE1$IW$USESV6$~STKCKD$USESV7$~SHL$OSPACE$EBA8$MICROLIB$REQ8$PRES8$EABIv2 0x00000000   Number         0  anon$$obj.o ABSOLUTE
    __ARM_use_no_argv                        0x00000000   Number         0  main.o ABSOLUTE
    __cpp_initialize__aeabi_                  - Undefined Weak Reference
    __cxa_finalize                            - Undefined Weak Reference
    __decompress                              - Undefined Weak Reference
    _clock_init                               - Undefined Weak Reference
    _microlib_exit                            - Undefined Weak Reference
    __Vectors_Size                           0x000000b0   Number         0  startup_stm32f030x6.o ABSOLUTE
    __Vectors                                0x08000000   Data           4  startup_stm32f030x6.o(RESET)
    __Vectors_End                            0x080000b0   Data           0  startup_stm32f030x6.o(RESET)
    __main                                   0x080000b1   Thumb Code     0  entry.o(.ARM.Collect$$$$00000000)
    _main_stk                                0x080000b1   Thumb Code     0  entry2.o(.ARM.Collect$$$$00000001)
    _main_scatterload                        0x080000b5   Thumb Code     0  entry5.o(.ARM.Collect$$$$00000004)
    __main_after_scatterload                 0x080000b9   Thumb Code     0  entry5.o(.ARM.Collect$$$$00000004)
    _main_clock                              0x080000b9   Thumb Code     0  entry7b.o(.ARM.Collect$$$$00000008)
    _main_cpp_init                           0x080000b9   Thumb Code     0  entry8b.o(.ARM.Collect$$$$0000000A)
    _main_init                               0x080000b9   Thumb Code     0  entry9a.o(.ARM.Collect$$$$0000000B)
    __rt_final_cpp                           0x080000c1   Thumb Code     0  entry10a.o(.ARM.Collect$$$$0000000D)
    __rt_final_exit                          0x080000c1   Thumb Code     0  entry11a.o(.ARM.Collect$$$$0000000F)
    __asm___6_port_c_39a90d8d__prvPortStartFirstTask 0x080000c5   Thumb Code    36  port.o(.emb_text)
    ulSetInterruptMaskFromISR                0x080000ed   Thumb Code     8  port.o(.emb_text)
    vClearInterruptMaskFromISR               0x080000f5   Thumb Code     6  port.o(.emb_text)
    PendSV_Handler                           0x080000fb   Thumb Code    62  port.o(.emb_text)
    Reset_Handler                            0x0800013d   Thumb Code     8  startup_stm32f030x6.o(.text)
    ADC1_IRQHandler                          0x0800014f   Thumb Code     0  startup_stm32f030x6.o(.text)
    DMA1_Channel1_IRQHandler                 0x0800014f   Thumb Code     0  startup_stm32f030x6.o(.text)
    DMA1_Channel2_3_IRQHandler               0x0800014f   Thumb Code     0  startup_stm32f030x6.o(.text)
    DMA1_Channel4_5_IRQHandler               0x0800014f   Thumb Code     0  startup_stm32f030x6.o(.text)
    EXTI0_1_IRQHandler                       0x0800014f   Thumb Code     0  startup_stm32f030x6.o(.text)
    EXTI2_3_IRQHandler                       0x0800014f   Thumb Code     0  startup_stm32f030x6.o(.text)
    EXTI4_15_IRQHandler                      0x0800014f   Thumb Code     0  startup_stm32f030x6.o(.text)
    FLASH_IRQHandler                         0x0800014f   Thumb Code     0  startup_stm32f030x6.o(.text)
    I2C1_IRQHandler                          0x0800014f   Thumb Code     0  startup_stm32f030x6.o(.text)
    RCC_IRQHandler                           0x0800014f   Thumb Code     0  startup_stm32f030x6.o(.text)
    RTC_IRQHandler                           0x0800014f   Thumb Code     0  startup_stm32f030x6.o(.text)
    SPI1_IRQHandler                          0x0800014f   Thumb Code     0  startup_stm32f030x6.o(.text)
    TIM14_IRQHandler                         0x0800014f   Thumb Code     0  startup_stm32f030x6.o(.text)
    TIM16_IRQHandler                         0x0800014f   Thumb Code     0  startup_stm32f030x6.o(.text)
    TIM17_IRQHandler                         0x0800014f   Thumb Code     0  startup_stm32f030x6.o(.text)
    TIM1_BRK_UP_TRG_COM_IRQHandler           0x0800014f   Thumb Code     0  startup_stm32f030x6.o(.text)
    TIM1_CC_IRQHandler                       0x0800014f   Thumb Code     0  startup_stm32f030x6.o(.text)
    TIM3_IRQHandler                          0x0800014f   Thumb Code     0  startup_stm32f030x6.o(.text)
    USART1_IRQHandler                        0x0800014f   Thumb Code     0  startup_stm32f030x6.o(.text)
    WWDG_IRQHandler                          0x0800014f   Thumb Code     0  startup_stm32f030x6.o(.text)
    __aeabi_uidiv                            0x08000159   Thumb Code     0  uidiv.o(.text)
    __aeabi_uidivmod                         0x08000159   Thumb Code    44  uidiv.o(.text)
    __aeabi_uldivmod                         0x08000185   Thumb Code    96  uldiv.o(.text)
    __aeabi_llsr                             0x080001e5   Thumb Code    34  llushr.o(.text)
    _ll_ushift_r                             0x080001e5   Thumb Code     0  llushr.o(.text)
    __aeabi_memcpy                           0x08000207   Thumb Code    36  memcpya.o(.text)
    __aeabi_memcpy4                          0x08000207   Thumb Code     0  memcpya.o(.text)
    __aeabi_memcpy8                          0x08000207   Thumb Code     0  memcpya.o(.text)
    __aeabi_memset                           0x0800022b   Thumb Code    14  memseta.o(.text)
    __aeabi_memset4                          0x0800022b   Thumb Code     0  memseta.o(.text)
    __aeabi_memset8                          0x0800022b   Thumb Code     0  memseta.o(.text)
    __aeabi_memclr                           0x08000239   Thumb Code     4  memseta.o(.text)
    __aeabi_memclr4                          0x08000239   Thumb Code     0  memseta.o(.text)
    __aeabi_memclr8                          0x08000239   Thumb Code     0  memseta.o(.text)
    memset                                   0x0800023d   Thumb Code    18  memseta.o(.text)
    __aeabi_llsl                             0x0800024f   Thumb Code    32  llshl.o(.text)
    _ll_shift_l                              0x0800024f   Thumb Code     0  llshl.o(.text)
    __scatterload                            0x08000271   Thumb Code    28  init.o(.text)
    __scatterload_rt2                        0x08000271   Thumb Code     0  init.o(.text)
    FATFS_LinkDriver                         0x08000295   Thumb Code    10  ff_gen_drv.o(i.FATFS_LinkDriver)
    FATFS_LinkDriverEx                       0x080002a1   Thumb Code    60  ff_gen_drv.o(i.FATFS_LinkDriverEx)
    HAL_ADC_ConfigChannel                    0x080002e1   Thumb Code   254  stm32f0xx_hal_adc.o(i.HAL_ADC_ConfigChannel)
    HAL_ADC_Init                             0x080003f1   Thumb Code   364  stm32f0xx_hal_adc.o(i.HAL_ADC_Init)
    HAL_ADC_MspInit                          0x08000565   Thumb Code    78  stm32f0xx_hal_msp.o(i.HAL_ADC_MspInit)
    HAL_GPIO_Init                            0x080005bd   Thumb Code   302  stm32f0xx_hal_gpio.o(i.HAL_GPIO_Init)
    HAL_GetTick                              0x08000705   Thumb Code     6  stm32f0xx_hal.o(i.HAL_GetTick)
    HAL_I2CEx_ConfigAnalogFilter             0x08000711   Thumb Code    74  stm32f0xx_hal_i2c_ex.o(i.HAL_I2CEx_ConfigAnalogFilter)
    HAL_I2CEx_ConfigDigitalFilter            0x0800075b   Thumb Code    72  stm32f0xx_hal_i2c_ex.o(i.HAL_I2CEx_ConfigDigitalFilter)
    HAL_I2C_Init                             0x080007a5   Thumb Code   176  stm32f0xx_hal_i2c.o(i.HAL_I2C_Init)
    HAL_I2C_MspInit                          0x08000859   Thumb Code    88  stm32f0xx_hal_msp.o(i.HAL_I2C_MspInit)
    HAL_IncTick                              0x080008bd   Thumb Code    12  stm32f0xx_hal.o(i.HAL_IncTick)
    HAL_Init                                 0x080008cd   Thumb Code    26  stm32f0xx_hal.o(i.HAL_Init)
    HAL_InitTick                             0x080008ed   Thumb Code    58  stm32f0xx_hal.o(i.HAL_InitTick)
    HAL_MspInit                              0x08000931   Thumb Code    44  stm32f0xx_hal_msp.o(i.HAL_MspInit)
    HAL_NVIC_SetPriority                     0x08000961   Thumb Code     8  stm32f0xx_hal_cortex.o(i.HAL_NVIC_SetPriority)
    HAL_RCCEx_PeriphCLKConfig                0x08000969   Thumb Code   218  stm32f0xx_hal_rcc_ex.o(i.HAL_RCCEx_PeriphCLKConfig)
    HAL_RCC_ClockConfig                      0x08000a51   Thumb Code   242  stm32f0xx_hal_rcc.o(i.HAL_RCC_ClockConfig)
    HAL_RCC_GetSysClockFreq                  0x08000b59   Thumb Code    84  stm32f0xx_hal_rcc.o(i.HAL_RCC_GetSysClockFreq)
    HAL_RCC_OscConfig                        0x08000bd9   Thumb Code   890  stm32f0xx_hal_rcc.o(i.HAL_RCC_OscConfig)
    HAL_SYSTICK_Config                       0x08000f61   Thumb Code    38  stm32f0xx_hal_cortex.o(i.HAL_SYSTICK_Config)
    HardFault_Handler                        0x08000f91   Thumb Code     2  stm32f0xx_it.o(i.HardFault_Handler)
    MX_FATFS_Init                            0x08001005   Thumb Code    18  fatfs.o(i.MX_FATFS_Init)
    NMI_Handler                              0x08001061   Thumb Code     2  stm32f0xx_it.o(i.NMI_Handler)
    SVC_Handler                              0x08001063   Thumb Code     2  port.o(i.SVC_Handler)
    StartDefaultTask                         0x08001065   Thumb Code     8  main.o(i.StartDefaultTask)
    SysTick_Handler                          0x0800106d   Thumb Code    20  stm32f0xx_it.o(i.SysTick_Handler)
    SystemClock_Config                       0x08001081   Thumb Code    88  main.o(i.SystemClock_Config)
    SystemInit                               0x080010d9   Thumb Code     2  system_stm32f0xx.o(i.SystemInit)
    USER_initialize                          0x080010dd   Thumb Code    10  user_diskio.o(i.USER_initialize)
    USER_ioctl                               0x080010ed   Thumb Code     4  user_diskio.o(i.USER_ioctl)
    USER_read                                0x080010f1   Thumb Code     4  user_diskio.o(i.USER_read)
    USER_status                              0x080010f5   Thumb Code    10  user_diskio.o(i.USER_status)
    USER_write                               0x08001105   Thumb Code     4  user_diskio.o(i.USER_write)
    __ARM_common_ll_muluu                    0x08001109   Thumb Code    48  stm32f0xx_hal_rcc.o(i.__ARM_common_ll_muluu)
    __scatterload_copy                       0x0800117d   Thumb Code    14  handlers.o(i.__scatterload_copy)
    __scatterload_null                       0x0800118b   Thumb Code     2  handlers.o(i.__scatterload_null)
    __scatterload_zeroinit                   0x0800118d   Thumb Code    14  handlers.o(i.__scatterload_zeroinit)
    main                                     0x0800119d   Thumb Code    82  main.o(i.main)
    osDelay                                  0x08001209   Thumb Code    16  cmsis_os.o(i.osDelay)
    osKernelStart                            0x08001219   Thumb Code    10  cmsis_os.o(i.osKernelStart)
    osThreadCreate                           0x08001223   Thumb Code    88  cmsis_os.o(i.osThreadCreate)
    pvPortMalloc                             0x0800153d   Thumb Code   172  heap_4.o(i.pvPortMalloc)
    pxPortInitialiseStack                    0x080015ed   Thumb Code    28  port.o(i.pxPortInitialiseStack)
    uxListRemove                             0x0800160d   Thumb Code    38  list.o(i.uxListRemove)
    vApplicationGetIdleTaskMemory            0x08001635   Thumb Code    16  freertos.o(i.vApplicationGetIdleTaskMemory)
    vListInitialise                          0x08001649   Thumb Code    22  list.o(i.vListInitialise)
    vListInitialiseItem                      0x0800165f   Thumb Code     6  list.o(i.vListInitialiseItem)
    vListInsert                              0x08001665   Thumb Code    48  list.o(i.vListInsert)
    vListInsertEnd                           0x08001695   Thumb Code    24  list.o(i.vListInsertEnd)
    vPortEnterCritical                       0x080016ad   Thumb Code    20  port.o(i.vPortEnterCritical)
    vPortExitCritical                        0x080016c5   Thumb Code    22  port.o(i.vPortExitCritical)
    vPortFree                                0x080016e1   Thumb Code    62  heap_4.o(i.vPortFree)
    vPortYield                               0x08001725   Thumb Code    18  port.o(i.vPortYield)
    vTaskDelay                               0x0800173d   Thumb Code    44  tasks.o(i.vTaskDelay)
    vTaskStartScheduler                      0x0800176d   Thumb Code    72  tasks.o(i.vTaskStartScheduler)
    vTaskSuspendAll                          0x080017c5   Thumb Code    10  tasks.o(i.vTaskSuspendAll)
    vTaskSwitchContext                       0x080017d5   Thumb Code    78  tasks.o(i.vTaskSwitchContext)
    xPortStartScheduler                      0x0800182d   Thumb Code    62  port.o(i.xPortStartScheduler)
    xPortSysTickHandler                      0x0800187d   Thumb Code    32  port.o(i.xPortSysTickHandler)
    xTaskCreate                              0x080018a1   Thumb Code    82  tasks.o(i.xTaskCreate)
    xTaskCreateStatic                        0x080018f3   Thumb Code    68  tasks.o(i.xTaskCreateStatic)
    xTaskGetSchedulerState                   0x08001939   Thumb Code    26  tasks.o(i.xTaskGetSchedulerState)
    xTaskIncrementTick                       0x08001959   Thumb Code   180  tasks.o(i.xTaskIncrementTick)
    xTaskResumeAll                           0x08001a15   Thumb Code   164  tasks.o(i.xTaskResumeAll)
    AHBPrescTable                            0x08001adc   Data          16  system_stm32f0xx.o(.constdata)
    Region$$Table$$Base                      0x08001af8   Number         0  anon$$obj.o(Region$$Table)
    Region$$Table$$Limit                     0x08001b18   Number         0  anon$$obj.o(Region$$Table)
    defaultTaskHandle                        0x20000000   Data           4  main.o(.data)
    USER_Driver                              0x20000008   Data          20  user_diskio.o(.data)
    retUSER                                  0x2000001c   Data           1  fatfs.o(.data)
    USERPath                                 0x2000001d   Data           4  fatfs.o(.data)
    uwTickFreq                               0x20000024   Data           1  stm32f0xx_hal.o(.data)
    uwTickPrio                               0x20000028   Data           4  stm32f0xx_hal.o(.data)
    uwTick                                   0x2000002c   Data           4  stm32f0xx_hal.o(.data)
    SystemCoreClock                          0x20000030   Data           4  system_stm32f0xx.o(.data)
    pxCurrentTCB                             0x20000034   Data           4  tasks.o(.data)
    hadc                                     0x2000008c   Data          64  main.o(.bss)
    hi2c1                                    0x200000cc   Data          76  main.o(.bss)
    disk                                     0x200002ec   Data          12  ff_gen_drv.o(.bss)
    __initial_sp                             0x20000fe8   Data           0  startup_stm32f030x6.o(STACK)



==============================================================================

Memory Map of the image

  Image Entry point : 0x080000b1

  Load Region LR_IROM1 (Base: 0x08000000, Size: 0x00001ba4, Max: 0x00008000, ABSOLUTE)

    Execution Region ER_IROM1 (Base: 0x08000000, Size: 0x00001b18, Max: 0x00008000, ABSOLUTE)

    Base Addr    Size         Type   Attr      Idx    E Section Name        Object

    0x08000000   0x000000b0   Data   RO            3    RESET               startup_stm32f030x6.o
    0x080000b0   0x00000000   Code   RO         3723  * .ARM.Collect$$$$00000000  mc_p.l(entry.o)
    0x080000b0   0x00000004   Code   RO         3742    .ARM.Collect$$$$00000001  mc_p.l(entry2.o)
    0x080000b4   0x00000004   Code   RO         3745    .ARM.Collect$$$$00000004  mc_p.l(entry5.o)
    0x080000b8   0x00000000   Code   RO         3747    .ARM.Collect$$$$00000008  mc_p.l(entry7b.o)
    0x080000b8   0x00000000   Code   RO         3749    .ARM.Collect$$$$0000000A  mc_p.l(entry8b.o)
    0x080000b8   0x00000008   Code   RO         3750    .ARM.Collect$$$$0000000B  mc_p.l(entry9a.o)
    0x080000c0   0x00000000   Code   RO         3752    .ARM.Collect$$$$0000000D  mc_p.l(entry10a.o)
    0x080000c0   0x00000000   Code   RO         3754    .ARM.Collect$$$$0000000F  mc_p.l(entry11a.o)
    0x080000c0   0x00000004   Code   RO         3743    .ARM.Collect$$$$00002712  mc_p.l(entry2.o)
    0x080000c4   0x00000078   Code   RO         3658    .emb_text           port.o
    0x0800013c   0x0000001c   Code   RO            4    .text               startup_stm32f030x6.o
    0x08000158   0x0000002c   Code   RO         3726    .text               mc_p.l(uidiv.o)
    0x08000184   0x00000060   Code   RO         3728    .text               mc_p.l(uldiv.o)
    0x080001e4   0x00000022   Code   RO         3730    .text               mc_p.l(llushr.o)
    0x08000206   0x00000024   Code   RO         3732    .text               mc_p.l(memcpya.o)
    0x0800022a   0x00000024   Code   RO         3736    .text               mc_p.l(memseta.o)
    0x0800024e   0x00000020   Code   RO         3756    .text               mc_p.l(llshl.o)
    0x0800026e   0x00000002   PAD
    0x08000270   0x00000024   Code   RO         3758    .text               mc_p.l(init.o)
    0x08000294   0x0000000a   Code   RO         2435    i.FATFS_LinkDriver  ff_gen_drv.o
    0x0800029e   0x00000002   PAD
    0x080002a0   0x00000040   Code   RO         2436    i.FATFS_LinkDriverEx  ff_gen_drv.o
    0x080002e0   0x00000110   Code   RO          443    i.HAL_ADC_ConfigChannel  stm32f0xx_hal_adc.o
    0x080003f0   0x00000174   Code   RO          452    i.HAL_ADC_Init      stm32f0xx_hal_adc.o
    0x08000564   0x00000058   Code   RO          393    i.HAL_ADC_MspInit   stm32f0xx_hal_msp.o
    0x080005bc   0x00000148   Code   RO         1410    i.HAL_GPIO_Init     stm32f0xx_hal_gpio.o
    0x08000704   0x0000000c   Code   RO          767    i.HAL_GetTick       stm32f0xx_hal.o
    0x08000710   0x0000004a   Code   RO         1369    i.HAL_I2CEx_ConfigAnalogFilter  stm32f0xx_hal_i2c_ex.o
    0x0800075a   0x00000048   Code   RO         1370    i.HAL_I2CEx_ConfigDigitalFilter  stm32f0xx_hal_i2c_ex.o
    0x080007a2   0x00000002   PAD
    0x080007a4   0x000000b4   Code   RO          927    i.HAL_I2C_Init      stm32f0xx_hal_i2c.o
    0x08000858   0x00000064   Code   RO          395    i.HAL_I2C_MspInit   stm32f0xx_hal_msp.o
    0x080008bc   0x00000010   Code   RO          773    i.HAL_IncTick       stm32f0xx_hal.o
    0x080008cc   0x00000020   Code   RO          774    i.HAL_Init          stm32f0xx_hal.o
    0x080008ec   0x00000044   Code   RO          775    i.HAL_InitTick      stm32f0xx_hal.o
    0x08000930   0x00000030   Code   RO          396    i.HAL_MspInit       stm32f0xx_hal_msp.o
    0x08000960   0x00000008   Code   RO         1573    i.HAL_NVIC_SetPriority  stm32f0xx_hal_cortex.o
    0x08000968   0x000000e8   Code   RO          728    i.HAL_RCCEx_PeriphCLKConfig  stm32f0xx_hal_rcc_ex.o
    0x08000a50   0x00000108   Code   RO          633    i.HAL_RCC_ClockConfig  stm32f0xx_hal_rcc.o
    0x08000b58   0x00000080   Code   RO          641    i.HAL_RCC_GetSysClockFreq  stm32f0xx_hal_rcc.o
    0x08000bd8   0x00000388   Code   RO          644    i.HAL_RCC_OscConfig  stm32f0xx_hal_rcc.o
    0x08000f60   0x00000030   Code   RO         1577    i.HAL_SYSTICK_Config  stm32f0xx_hal_cortex.o
    0x08000f90   0x00000002   Code   RO          357    i.HardFault_Handler  stm32f0xx_it.o
    0x08000f92   0x00000002   PAD
    0x08000f94   0x00000070   Code   RO           13    i.MX_ADC_Init       main.o
    0x08001004   0x0000001c   Code   RO          287    i.MX_FATFS_Init     fatfs.o
    0x08001020   0x00000040   Code   RO           14    i.MX_I2C1_Init      main.o
    0x08001060   0x00000002   Code   RO          358    i.NMI_Handler       stm32f0xx_it.o
    0x08001062   0x00000002   Code   RO         3659    i.SVC_Handler       port.o
    0x08001064   0x00000008   Code   RO           15    i.StartDefaultTask  main.o
    0x0800106c   0x00000014   Code   RO          359    i.SysTick_Handler   stm32f0xx_it.o
    0x08001080   0x00000058   Code   RO           16    i.SystemClock_Config  main.o
    0x080010d8   0x00000002   Code   RO         2028    i.SystemInit        system_stm32f0xx.o
    0x080010da   0x00000002   PAD
    0x080010dc   0x00000010   Code   RO          221    i.USER_initialize   user_diskio.o
    0x080010ec   0x00000004   Code   RO          222    i.USER_ioctl        user_diskio.o
    0x080010f0   0x00000004   Code   RO          223    i.USER_read         user_diskio.o
    0x080010f4   0x00000010   Code   RO          224    i.USER_status       user_diskio.o
    0x08001104   0x00000004   Code   RO          225    i.USER_write        user_diskio.o
    0x08001108   0x00000030   Code   RO          718    i.__ARM_common_ll_muluu  stm32f0xx_hal_rcc.o
    0x08001138   0x00000044   Code   RO         1579    i.__NVIC_SetPriority  stm32f0xx_hal_cortex.o
    0x0800117c   0x0000000e   Code   RO         3762    i.__scatterload_copy  mc_p.l(handlers.o)
    0x0800118a   0x00000002   Code   RO         3763    i.__scatterload_null  mc_p.l(handlers.o)
    0x0800118c   0x0000000e   Code   RO         3764    i.__scatterload_zeroinit  mc_p.l(handlers.o)
    0x0800119a   0x00000002   PAD
    0x0800119c   0x00000060   Code   RO           17    i.main              main.o
    0x080011fc   0x0000000c   Code   RO         3260    i.makeFreeRtosPriority  cmsis_os.o
    0x08001208   0x00000010   Code   RO         3262    i.osDelay           cmsis_os.o
    0x08001218   0x0000000a   Code   RO         3265    i.osKernelStart     cmsis_os.o
    0x08001222   0x00000058   Code   RO         3299    i.osThreadCreate    cmsis_os.o
    0x0800127a   0x00000002   PAD
    0x0800127c   0x00000058   Code   RO         2958    i.prvAddCurrentTaskToDelayedList  tasks.o
    0x080012d4   0x000000b8   Code   RO         2959    i.prvAddNewTaskToReadyList  tasks.o
    0x0800138c   0x00000026   Code   RO         2960    i.prvDeleteTCB      tasks.o
    0x080013b2   0x00000002   PAD
    0x080013b4   0x00000044   Code   RO         3609    i.prvHeapInit       heap_4.o
    0x080013f8   0x00000048   Code   RO         2961    i.prvIdleTask       tasks.o
    0x08001440   0x0000007c   Code   RO         2962    i.prvInitialiseNewTask  tasks.o
    0x080014bc   0x0000004c   Code   RO         3610    i.prvInsertBlockIntoFreeList  heap_4.o
    0x08001508   0x00000020   Code   RO         2963    i.prvResetNextTaskUnblockTime  tasks.o
    0x08001528   0x00000014   Code   RO         3660    i.prvTaskExitError  port.o
    0x0800153c   0x000000b0   Code   RO         3611    i.pvPortMalloc      heap_4.o
    0x080015ec   0x00000020   Code   RO         3661    i.pxPortInitialiseStack  port.o
    0x0800160c   0x00000026   Code   RO         2618    i.uxListRemove      list.o
    0x08001632   0x00000002   PAD
    0x08001634   0x00000014   Code   RO          327    i.vApplicationGetIdleTaskMemory  freertos.o
    0x08001648   0x00000016   Code   RO         2619    i.vListInitialise   list.o
    0x0800165e   0x00000006   Code   RO         2620    i.vListInitialiseItem  list.o
    0x08001664   0x00000030   Code   RO         2621    i.vListInsert       list.o
    0x08001694   0x00000018   Code   RO         2622    i.vListInsertEnd    list.o
    0x080016ac   0x00000018   Code   RO         3663    i.vPortEnterCritical  port.o
    0x080016c4   0x0000001c   Code   RO         3664    i.vPortExitCritical  port.o
    0x080016e0   0x00000044   Code   RO         3612    i.vPortFree         heap_4.o
    0x08001724   0x00000018   Code   RO         3665    i.vPortYield        port.o
    0x0800173c   0x00000030   Code   RO         2971    i.vTaskDelay        tasks.o
    0x0800176c   0x00000058   Code   RO         2984    i.vTaskStartScheduler  tasks.o
    0x080017c4   0x00000010   Code   RO         2986    i.vTaskSuspendAll   tasks.o
    0x080017d4   0x00000058   Code   RO         2987    i.vTaskSwitchContext  tasks.o
    0x0800182c   0x00000050   Code   RO         3666    i.xPortStartScheduler  port.o
    0x0800187c   0x00000024   Code   RO         3667    i.xPortSysTickHandler  port.o
    0x080018a0   0x00000052   Code   RO         2989    i.xTaskCreate       tasks.o
    0x080018f2   0x00000044   Code   RO         2990    i.xTaskCreateStatic  tasks.o
    0x08001936   0x00000002   PAD
    0x08001938   0x00000020   Code   RO         2994    i.xTaskGetSchedulerState  tasks.o
    0x08001958   0x000000bc   Code   RO         2997    i.xTaskIncrementTick  tasks.o
    0x08001a14   0x000000ac   Code   RO         3003    i.xTaskResumeAll    tasks.o
    0x08001ac0   0x0000001c   Data   RO           19    .constdata          main.o
    0x08001adc   0x00000010   Data   RO         2029    .constdata          system_stm32f0xx.o
    0x08001aec   0x0000000c   Data   RO           20    .conststring        main.o
    0x08001af8   0x00000020   Data   RO         3760    Region$$Table       anon$$obj.o


    Execution Region RW_IRAM1 (Base: 0x20000000, Size: 0x00000fe8, Max: 0x00001000, ABSOLUTE)

    Base Addr    Size         Type   Attr      Idx    E Section Name        Object

    0x20000000   0x00000004   Data   RW           21    .data               main.o
    0x20000004   0x00000001   Data   RW          226    .data               user_diskio.o
    0x20000005   0x00000003   PAD
    0x20000008   0x00000014   Data   RW          227    .data               user_diskio.o
    0x2000001c   0x00000005   Data   RW          291    .data               fatfs.o
    0x20000021   0x00000003   PAD
    0x20000024   0x0000000c   Data   RW          781    .data               stm32f0xx_hal.o
    0x20000030   0x00000004   Data   RW         2031    .data               system_stm32f0xx.o
    0x20000034   0x0000003c   Data   RW         3006    .data               tasks.o
    0x20000070   0x00000018   Data   RW         3617    .data               heap_4.o
    0x20000088   0x00000004   Data   RW         3668    .data               port.o
    0x2000008c   0x0000008c   Zero   RW           18    .bss                main.o
    0x20000118   0x000001d4   Zero   RW          328    .bss                freertos.o
    0x200002ec   0x0000000c   Zero   RW         2439    .bss                ff_gen_drv.o
    0x200002f8   0x000000f0   Zero   RW         3005    .bss                tasks.o
    0x200003e8   0x00000800   Zero   RW         3616    .bss                heap_4.o
    0x20000be8   0x00000400   Zero   RW            1    STACK               startup_stm32f030x6.o


==============================================================================

Image component sizes


      Code (inc. data)   RO Data    RW Data    ZI Data      Debug   Object Name

       126          0          0          0          0       8085   cmsis_os.o
        28         10          0          5          0       8170   fatfs.o
        74          4          0          0         12       1503   ff_gen_drv.o
        20          4          0          0        468       1100   freertos.o
       388         22          0         24       2048       3971   heap_4.o
       138          0          0          0          0       3154   list.o
       368         36         40          4        140     270882   main.o
       366         58          0          4          0       6512   port.o
        28          8        176          0       1024        596   startup_stm32f030x6.o
       128         26          0         12          0       6973   stm32f0xx_hal.o
       644         26          0          0          0       2503   stm32f0xx_hal_adc.o
       124         18          0          0          0       9524   stm32f0xx_hal_cortex.o
       328         26          0          0          0       1552   stm32f0xx_hal_gpio.o
       180          4          0          0          0       2727   stm32f0xx_hal_i2c.o
       146          0          0          0          0       1799   stm32f0xx_hal_i2c_ex.o
       236         26          0          0          0       2002   stm32f0xx_hal_msp.o
      1344         80          0          0          0       3946   stm32f0xx_hal_rcc.o
       232         14          0          0          0       1292   stm32f0xx_hal_rcc_ex.o
        24          0          0          0          0       1176   stm32f0xx_it.o
         0          0          0          0          0      10224   syscall.o
         2          0         16          4          0        991   system_stm32f0xx.o
      1320         88          0         60        240      15003   tasks.o
        44         12          0         21          0      11864   user_diskio.o

    ----------------------------------------------------------------------
      6304        462        264        140       3932     375549   Object Totals
         0          0         32          0          0          0   (incl. Generated)
        16          0          0          6          0          0   (incl. Padding)

    ----------------------------------------------------------------------

      Code (inc. data)   RO Data    RW Data    ZI Data      Debug   Library Member Name

         0          0          0          0          0          0   entry.o
         0          0          0          0          0          0   entry10a.o
         0          0          0          0          0          0   entry11a.o
         8          4          0          0          0          0   entry2.o
         4          0          0          0          0          0   entry5.o
         0          0          0          0          0          0   entry7b.o
         0          0          0          0          0          0   entry8b.o
         8          4          0          0          0          0   entry9a.o
        30          0          0          0          0          0   handlers.o
        36          8          0          0          0         68   init.o
        32          0          0          0          0         68   llshl.o
        34          0          0          0          0         68   llushr.o
        36          0          0          0          0         60   memcpya.o
        36          0          0          0          0        100   memseta.o
        44          0          0          0          0         72   uidiv.o
        96          0          0          0          0         84   uldiv.o

    ----------------------------------------------------------------------
       368         16          0          0          0        520   Library Totals
         4          0          0          0          0          0   (incl. Padding)

    ----------------------------------------------------------------------

      Code (inc. data)   RO Data    RW Data    ZI Data      Debug   Library Name

       364         16          0          0          0        520   mc_p.l

    ----------------------------------------------------------------------
       368         16          0          0          0        520   Library Totals

    ----------------------------------------------------------------------

==============================================================================


      Code (inc. data)   RO Data    RW Data    ZI Data      Debug   

      6672        478        264        140       3932     372825   Grand Totals
      6672        478        264        140       3932     372825   ELF Image Totals
      6672        478        264        140          0          0   ROM Totals

==============================================================================

    Total RO  Size (Code + RO Data)                 6936 (   6.77kB)
    Total RW  Size (RW Data + ZI Data)              4072 (   3.98kB)
    Total ROM Size (Code + RO Data + RW Data)       7076 (   6.91kB)

==============================================================================

